Archive member included to satisfy reference by file (symbol)

/opt/stm32cubeide/plugins/com.st.stm32cube.ide.mcu.externaltools.gnu-tools-for-stm32.9-2020-q2-update.linux64_2.0.0.202105311346/tools/bin/../lib/gcc/arm-none-eabi/9.3.1/../../../../arm-none-eabi/lib/thumb/v7e-m+fp/hard/libc_nano.a(lib_a-errno.o)
                              ./Core/Src/syscalls.o (__errno)
/opt/stm32cubeide/plugins/com.st.stm32cube.ide.mcu.externaltools.gnu-tools-for-stm32.9-2020-q2-update.linux64_2.0.0.202105311346/tools/bin/../lib/gcc/arm-none-eabi/9.3.1/../../../../arm-none-eabi/lib/thumb/v7e-m+fp/hard/libc_nano.a(lib_a-exit.o)
                              /opt/stm32cubeide/plugins/com.st.stm32cube.ide.mcu.externaltools.gnu-tools-for-stm32.9-2020-q2-update.linux64_2.0.0.202105311346/tools/bin/../lib/gcc/arm-none-eabi/9.3.1/../../../../arm-none-eabi/lib/thumb/v7e-m+fp/hard/crt0.o (exit)
/opt/stm32cubeide/plugins/com.st.stm32cube.ide.mcu.externaltools.gnu-tools-for-stm32.9-2020-q2-update.linux64_2.0.0.202105311346/tools/bin/../lib/gcc/arm-none-eabi/9.3.1/../../../../arm-none-eabi/lib/thumb/v7e-m+fp/hard/libc_nano.a(lib_a-impure.o)
                              /opt/stm32cubeide/plugins/com.st.stm32cube.ide.mcu.externaltools.gnu-tools-for-stm32.9-2020-q2-update.linux64_2.0.0.202105311346/tools/bin/../lib/gcc/arm-none-eabi/9.3.1/../../../../arm-none-eabi/lib/thumb/v7e-m+fp/hard/libc_nano.a(lib_a-exit.o) (_global_impure_ptr)
/opt/stm32cubeide/plugins/com.st.stm32cube.ide.mcu.externaltools.gnu-tools-for-stm32.9-2020-q2-update.linux64_2.0.0.202105311346/tools/bin/../lib/gcc/arm-none-eabi/9.3.1/../../../../arm-none-eabi/lib/thumb/v7e-m+fp/hard/libc_nano.a(lib_a-init.o)
                              /opt/stm32cubeide/plugins/com.st.stm32cube.ide.mcu.externaltools.gnu-tools-for-stm32.9-2020-q2-update.linux64_2.0.0.202105311346/tools/bin/../lib/gcc/arm-none-eabi/9.3.1/../../../../arm-none-eabi/lib/thumb/v7e-m+fp/hard/crt0.o (__libc_init_array)
/opt/stm32cubeide/plugins/com.st.stm32cube.ide.mcu.externaltools.gnu-tools-for-stm32.9-2020-q2-update.linux64_2.0.0.202105311346/tools/bin/../lib/gcc/arm-none-eabi/9.3.1/../../../../arm-none-eabi/lib/thumb/v7e-m+fp/hard/libc_nano.a(lib_a-memset.o)
                              /opt/stm32cubeide/plugins/com.st.stm32cube.ide.mcu.externaltools.gnu-tools-for-stm32.9-2020-q2-update.linux64_2.0.0.202105311346/tools/bin/../lib/gcc/arm-none-eabi/9.3.1/../../../../arm-none-eabi/lib/thumb/v7e-m+fp/hard/crt0.o (memset)
/opt/stm32cubeide/plugins/com.st.stm32cube.ide.mcu.externaltools.gnu-tools-for-stm32.9-2020-q2-update.linux64_2.0.0.202105311346/tools/bin/../lib/gcc/arm-none-eabi/9.3.1/thumb/v7e-m+fp/hard/libgcc.a(_aeabi_uldivmod.o)
                              ./Drivers/STM32F4xx_HAL_Driver/Src/stm32f4xx_hal_rcc.o (__aeabi_uldivmod)
/opt/stm32cubeide/plugins/com.st.stm32cube.ide.mcu.externaltools.gnu-tools-for-stm32.9-2020-q2-update.linux64_2.0.0.202105311346/tools/bin/../lib/gcc/arm-none-eabi/9.3.1/thumb/v7e-m+fp/hard/libgcc.a(_udivmoddi4.o)
                              /opt/stm32cubeide/plugins/com.st.stm32cube.ide.mcu.externaltools.gnu-tools-for-stm32.9-2020-q2-update.linux64_2.0.0.202105311346/tools/bin/../lib/gcc/arm-none-eabi/9.3.1/thumb/v7e-m+fp/hard/libgcc.a(_aeabi_uldivmod.o) (__udivmoddi4)
/opt/stm32cubeide/plugins/com.st.stm32cube.ide.mcu.externaltools.gnu-tools-for-stm32.9-2020-q2-update.linux64_2.0.0.202105311346/tools/bin/../lib/gcc/arm-none-eabi/9.3.1/thumb/v7e-m+fp/hard/libgcc.a(_dvmd_tls.o)
                              /opt/stm32cubeide/plugins/com.st.stm32cube.ide.mcu.externaltools.gnu-tools-for-stm32.9-2020-q2-update.linux64_2.0.0.202105311346/tools/bin/../lib/gcc/arm-none-eabi/9.3.1/thumb/v7e-m+fp/hard/libgcc.a(_aeabi_uldivmod.o) (__aeabi_ldiv0)

Allocating common symbols
Common symbol       size              file

hUsbDeviceFS        0x2d0             ./USB_DEVICE/App/usb_device.o
hpcd_USB_OTG_FS     0x408             ./USB_DEVICE/Target/usbd_conf.o
uwTick              0x4               ./Drivers/STM32F4xx_HAL_Driver/Src/stm32f4xx_hal.o
pFlash              0x20              ./Drivers/STM32F4xx_HAL_Driver/Src/stm32f4xx_hal_flash.o
USBD_StrDesc        0x200             ./USB_DEVICE/App/usbd_desc.o

Discarded input sections

 .text          0x0000000000000000        0x0 /opt/stm32cubeide/plugins/com.st.stm32cube.ide.mcu.externaltools.gnu-tools-for-stm32.9-2020-q2-update.linux64_2.0.0.202105311346/tools/bin/../lib/gcc/arm-none-eabi/9.3.1/thumb/v7e-m+fp/hard/crti.o
 .data          0x0000000000000000        0x0 /opt/stm32cubeide/plugins/com.st.stm32cube.ide.mcu.externaltools.gnu-tools-for-stm32.9-2020-q2-update.linux64_2.0.0.202105311346/tools/bin/../lib/gcc/arm-none-eabi/9.3.1/thumb/v7e-m+fp/hard/crti.o
 .bss           0x0000000000000000        0x0 /opt/stm32cubeide/plugins/com.st.stm32cube.ide.mcu.externaltools.gnu-tools-for-stm32.9-2020-q2-update.linux64_2.0.0.202105311346/tools/bin/../lib/gcc/arm-none-eabi/9.3.1/thumb/v7e-m+fp/hard/crti.o
[...]
Memory Configuration

Name             Origin             Length             Attributes
RAM              0x0000000020000000 0x0000000000018000 xrw
FLASH            0x0000000008000000 0x0000000000080000 xr
*default*        0x0000000000000000 0xffffffffffffffff

Linker script and memory map

LOAD /opt/stm32cubeide/plugins/com.st.stm32cube.ide.mcu.externaltools.gnu-tools-for-stm32.9-2020-q2-update.linux64_2.0.0.202105311346/tools/bin/../lib/gcc/arm-none-eabi/9.3.1/thumb/v7e-m+fp/hard/crti.o
LOAD /opt/stm32cubeide/plugins/com.st.stm32cube.ide.mcu.externaltools.gnu-tools-for-stm32.9-2020-q2-update.linux64_2.0.0.202105311346/tools/bin/../lib/gcc/arm-none-eabi/9.3.1/thumb/v7e-m+fp/hard/crtbegin.o
LOAD /opt/stm32cubeide/plugins/com.st.stm32cube.ide.mcu.externaltools.gnu-tools-for-stm32.9-2020-q2-update.linux64_2.0.0.202105311346/tools/bin/../lib/gcc/arm-none-eabi/9.3.1/../../../../arm-none-eabi/lib/thumb/v7e-m+fp/hard/crt0.o
LOAD ./Core/Src/main.o
LOAD ./Core/Src/stm32f4xx_hal_msp.o
LOAD ./Core/Src/stm32f4xx_it.o
LOAD ./Core/Src/syscalls.o
LOAD ./Core/Src/sysmem.o
LOAD ./Core/Src/system_stm32f4xx.o
LOAD ./Core/Startup/startup_stm32f401retx.o
LOAD ./Drivers/STM32F4xx_HAL_Driver/Src/stm32f4xx_hal.o
LOAD ./Drivers/STM32F4xx_HAL_Driver/Src/stm32f4xx_hal_cortex.o
LOAD ./Drivers/STM32F4xx_HAL_Driver/Src/stm32f4xx_hal_dma.o
LOAD ./Drivers/STM32F4xx_HAL_Driver/Src/stm32f4xx_hal_dma_ex.o
LOAD ./Drivers/STM32F4xx_HAL_Driver/Src/stm32f4xx_hal_exti.o
LOAD ./Drivers/STM32F4xx_HAL_Driver/Src/stm32f4xx_hal_flash.o
LOAD ./Drivers/STM32F4xx_HAL_Driver/Src/stm32f4xx_hal_flash_ex.o
LOAD ./Drivers/STM32F4xx_HAL_Driver/Src/stm32f4xx_hal_flash_ramfunc.o
LOAD ./Drivers/STM32F4xx_HAL_Driver/Src/stm32f4xx_hal_gpio.o
LOAD ./Drivers/STM32F4xx_HAL_Driver/Src/stm32f4xx_hal_pcd.o
LOAD ./Drivers/STM32F4xx_HAL_Driver/Src/stm32f4xx_hal_pcd_ex.o
LOAD ./Drivers/STM32F4xx_HAL_Driver/Src/stm32f4xx_hal_pwr.o
LOAD ./Drivers/STM32F4xx_HAL_Driver/Src/stm32f4xx_hal_pwr_ex.o
LOAD ./Drivers/STM32F4xx_HAL_Driver/Src/stm32f4xx_hal_rcc.o
LOAD ./Drivers/STM32F4xx_HAL_Driver/Src/stm32f4xx_hal_rcc_ex.o
LOAD ./Drivers/STM32F4xx_HAL_Driver/Src/stm32f4xx_hal_tim.o
LOAD ./Drivers/STM32F4xx_HAL_Driver/Src/stm32f4xx_hal_tim_ex.o
LOAD ./Drivers/STM32F4xx_HAL_Driver/Src/stm32f4xx_ll_usb.o
LOAD ./Middlewares/ST/STM32_USB_Device_Library/Class/CustomHID/Src/usbd_customhid.o
LOAD ./Middlewares/ST/STM32_USB_Device_Library/Core/Src/usbd_core.o
LOAD ./Middlewares/ST/STM32_USB_Device_Library/Core/Src/usbd_ctlreq.o
LOAD ./Middlewares/ST/STM32_USB_Device_Library/Core/Src/usbd_ioreq.o
LOAD ./USB_DEVICE/App/usb_device.o
LOAD ./USB_DEVICE/App/usbd_custom_hid_if.o
LOAD ./USB_DEVICE/App/usbd_desc.o
LOAD ./USB_DEVICE/Target/usbd_conf.o
LOAD ./usb_hid_keyboard/Src/usb_hid_keyboard.o
START GROUP
LOAD /opt/stm32cubeide/plugins/com.st.stm32cube.ide.mcu.externaltools.gnu-tools-for-stm32.9-2020-q2-update.linux64_2.0.0.202105311346/tools/bin/../lib/gcc/arm-none-eabi/9.3.1/../../../../arm-none-eabi/lib/thumb/v7e-m+fp/hard/libc_nano.a
LOAD /opt/stm32cubeide/plugins/com.st.stm32cube.ide.mcu.externaltools.gnu-tools-for-stm32.9-2020-q2-update.linux64_2.0.0.202105311346/tools/bin/../lib/gcc/arm-none-eabi/9.3.1/../../../../arm-none-eabi/lib/thumb/v7e-m+fp/hard/libm.a
END GROUP
START GROUP
LOAD /opt/stm32cubeide/plugins/com.st.stm32cube.ide.mcu.externaltools.gnu-tools-for-stm32.9-2020-q2-update.linux64_2.0.0.202105311346/tools/bin/../lib/gcc/arm-none-eabi/9.3.1/thumb/v7e-m+fp/hard/libgcc.a
LOAD /opt/stm32cubeide/plugins/com.st.stm32cube.ide.mcu.externaltools.gnu-tools-for-stm32.9-2020-q2-update.linux64_2.0.0.202105311346/tools/bin/../lib/gcc/arm-none-eabi/9.3.1/../../../../arm-none-eabi/lib/thumb/v7e-m+fp/hard/libc_nano.a
END GROUP
START GROUP
LOAD /opt/stm32cubeide/plugins/com.st.stm32cube.ide.mcu.externaltools.gnu-tools-for-stm32.9-2020-q2-update.linux64_2.0.0.202105311346/tools/bin/../lib/gcc/arm-none-eabi/9.3.1/thumb/v7e-m+fp/hard/libgcc.a
LOAD /opt/stm32cubeide/plugins/com.st.stm32cube.ide.mcu.externaltools.gnu-tools-for-stm32.9-2020-q2-update.linux64_2.0.0.202105311346/tools/bin/../lib/gcc/arm-none-eabi/9.3.1/../../../../arm-none-eabi/lib/thumb/v7e-m+fp/hard/libc_nano.a
LOAD /opt/stm32cubeide/plugins/com.st.stm32cube.ide.mcu.externaltools.gnu-tools-for-stm32.9-2020-q2-update.linux64_2.0.0.202105311346/tools/bin/../lib/gcc/arm-none-eabi/9.3.1/../../../../arm-none-eabi/lib/thumb/v7e-m+fp/hard/libnosys.a
END GROUP
START GROUP
LOAD /opt/stm32cubeide/plugins/com.st.stm32cube.ide.mcu.externaltools.gnu-tools-for-stm32.9-2020-q2-update.linux64_2.0.0.202105311346/tools/bin/../lib/gcc/arm-none-eabi/9.3.1/thumb/v7e-m+fp/hard/libgcc.a
LOAD /opt/stm32cubeide/plugins/com.st.stm32cube.ide.mcu.externaltools.gnu-tools-for-stm32.9-2020-q2-update.linux64_2.0.0.202105311346/tools/bin/../lib/gcc/arm-none-eabi/9.3.1/../../../../arm-none-eabi/lib/thumb/v7e-m+fp/hard/libc_nano.a
LOAD /opt/stm32cubeide/plugins/com.st.stm32cube.ide.mcu.externaltools.gnu-tools-for-stm32.9-2020-q2-update.linux64_2.0.0.202105311346/tools/bin/../lib/gcc/arm-none-eabi/9.3.1/../../../../arm-none-eabi/lib/thumb/v7e-m+fp/hard/libnosys.a
END GROUP
LOAD /opt/stm32cubeide/plugins/com.st.stm32cube.ide.mcu.externaltools.gnu-tools-for-stm32.9-2020-q2-update.linux64_2.0.0.202105311346/tools/bin/../lib/gcc/arm-none-eabi/9.3.1/thumb/v7e-m+fp/hard/crtend.o
LOAD /opt/stm32cubeide/plugins/com.st.stm32cube.ide.mcu.externaltools.gnu-tools-for-stm32.9-2020-q2-update.linux64_2.0.0.202105311346/tools/bin/../lib/gcc/arm-none-eabi/9.3.1/thumb/v7e-m+fp/hard/crtn.o
                0x0000000020018000                _estack = (ORIGIN (RAM) + LENGTH (RAM))
                0x0000000000000800                _Min_Heap_Size = 0x800
                0x0000000000000500                _Min_Stack_Size = 0x500

.isr_vector     0x0000000008000000      0x194
                0x0000000008000000                . = ALIGN (0x4)
 *(.isr_vector)
 .isr_vector    0x0000000008000000      0x194 ./Core/Startup/startup_stm32f401retx.o
                0x0000000008000000                g_pfnVectors
                0x0000000008000194                . = ALIGN (0x4)

.text           0x0000000008000194     0x61cc
                0x0000000008000194                . = ALIGN (0x4)
 *(.text)
 .text          0x0000000008000194       0x40 /opt/stm32cubeide/plugins/com.st.stm32cube.ide.mcu.externaltools.gnu-tools-for-stm32.9-2020-q2-update.linux64_2.0.0.202105311346/tools/bin/../lib/gcc/arm-none-eabi/9.3.1/thumb/v7e-m+fp/hard/crtbegin.o
 .text          0x00000000080001d4       0x30 /opt/stm32cubeide/plugins/com.st.stm32cube.ide.mcu.externaltools.gnu-tools-for-stm32.9-2020-q2-update.linux64_2.0.0.202105311346/tools/bin/../lib/gcc/arm-none-eabi/9.3.1/thumb/v7e-m+fp/hard/libgcc.a(_aeabi_uldivmod.o)
                0x00000000080001d4                __aeabi_uldivmod
 .text          0x0000000008000204      0x2c4 /opt/stm32cubeide/plugins/com.st.stm32cube.ide.mcu.externaltools.gnu-tools-for-stm32.9-2020-q2-update.linux64_2.0.0.202105311346/tools/bin/../lib/gcc/arm-none-eabi/9.3.1/thumb/v7e-m+fp/hard/libgcc.a(_udivmoddi4.o)
                0x0000000008000204                __udivmoddi4
 .text          0x00000000080004c8        0x4 /opt/stm32cubeide/plugins/com.st.stm32cube.ide.mcu.externaltools.gnu-tools-for-stm32.9-2020-q2-update.linux64_2.0.0.202105311346/tools/bin/../lib/gcc/arm-none-eabi/9.3.1/thumb/v7e-m+fp/hard/libgcc.a(_dvmd_tls.o)
                0x00000000080004c8                __aeabi_ldiv0
                0x00000000080004c8                __aeabi_idiv0
 *(.text*)
 .text.main     0x00000000080004cc       0x30 ./Core/Src/main.o
                0x00000000080004cc                main
 .text.SystemClock_Config
                0x00000000080004fc       0xd8 ./Core/Src/main.o
                0x00000000080004fc                SystemClock_Config
 .text.MX_GPIO_Init
                0x00000000080005d4       0x50 ./Core/Src/main.o
 .text.Error_Handler
                0x0000000008000624        0xa ./Core/Src/main.o
                0x0000000008000624                Error_Handler
 *fill*         0x000000000800062e        0x2 
 .text.HAL_MspInit
                0x0000000008000630       0x50 ./Core/Src/stm32f4xx_hal_msp.o
                0x0000000008000630                HAL_MspInit
 .text.NMI_Handler
                0x0000000008000680        0x6 ./Core/Src/stm32f4xx_it.o
                0x0000000008000680                NMI_Handler
 .text.HardFault_Handler
                0x0000000008000686        0x6 ./Core/Src/stm32f4xx_it.o
                0x0000000008000686                HardFault_Handler
 .text.MemManage_Handler
                0x000000000800068c        0x6 ./Core/Src/stm32f4xx_it.o
                0x000000000800068c                MemManage_Handler
 .text.BusFault_Handler
                0x0000000008000692        0x6 ./Core/Src/stm32f4xx_it.o
                0x0000000008000692                BusFault_Handler
 .text.UsageFault_Handler
                0x0000000008000698        0x6 ./Core/Src/stm32f4xx_it.o
                0x0000000008000698                UsageFault_Handler
 .text.SVC_Handler
                0x000000000800069e        0xe ./Core/Src/stm32f4xx_it.o
                0x000000000800069e                SVC_Handler
 .text.DebugMon_Handler
                0x00000000080006ac        0xe ./Core/Src/stm32f4xx_it.o
                0x00000000080006ac                DebugMon_Handler
 .text.PendSV_Handler
                0x00000000080006ba        0xe ./Core/Src/stm32f4xx_it.o
                0x00000000080006ba                PendSV_Handler
 .text.SysTick_Handler
                0x00000000080006c8        0xc ./Core/Src/stm32f4xx_it.o
                0x00000000080006c8                SysTick_Handler
 .text.OTG_FS_IRQHandler
                0x00000000080006d4       0x14 ./Core/Src/stm32f4xx_it.o
                0x00000000080006d4                OTG_FS_IRQHandler
 .text.SystemInit
                0x00000000080006e8       0x24 ./Core/Src/system_stm32f4xx.o
                0x00000000080006e8                SystemInit
 .text.Reset_Handler
                0x000000000800070c       0x50 ./Core/Startup/startup_stm32f401retx.o
                0x000000000800070c                Reset_Handler
 .text.Default_Handler
                0x000000000800075c        0x2 ./Core/Startup/startup_stm32f401retx.o
                0x000000000800075c                RTC_Alarm_IRQHandler
                0x000000000800075c                EXTI2_IRQHandler
                0x000000000800075c                SPI4_IRQHandler
                0x000000000800075c                TIM1_CC_IRQHandler
                0x000000000800075c                DMA2_Stream5_IRQHandler
                0x000000000800075c                DMA1_Stream5_IRQHandler
                0x000000000800075c                PVD_IRQHandler
                0x000000000800075c                SDIO_IRQHandler
                0x000000000800075c                TAMP_STAMP_IRQHandler
                0x000000000800075c                EXTI3_IRQHandler
                0x000000000800075c                TIM1_UP_TIM10_IRQHandler
                0x000000000800075c                I2C3_ER_IRQHandler
                0x000000000800075c                EXTI0_IRQHandler
                0x000000000800075c                I2C2_EV_IRQHandler
                0x000000000800075c                DMA1_Stream2_IRQHandler
                0x000000000800075c                FPU_IRQHandler
                0x000000000800075c                DMA2_Stream2_IRQHandler
                0x000000000800075c                SPI1_IRQHandler
                0x000000000800075c                TIM1_BRK_TIM9_IRQHandler
                0x000000000800075c                DMA2_Stream3_IRQHandler
                0x000000000800075c                USART6_IRQHandler
                0x000000000800075c                DMA2_Stream0_IRQHandler
                0x000000000800075c                TIM4_IRQHandler
                0x000000000800075c                I2C1_EV_IRQHandler
                0x000000000800075c                DMA1_Stream6_IRQHandler
                0x000000000800075c                DMA1_Stream1_IRQHandler
                0x000000000800075c                TIM3_IRQHandler
                0x000000000800075c                RCC_IRQHandler
                0x000000000800075c                Default_Handler
                0x000000000800075c                EXTI15_10_IRQHandler
                0x000000000800075c                ADC_IRQHandler
                0x000000000800075c                DMA1_Stream7_IRQHandler
                0x000000000800075c                TIM5_IRQHandler
                0x000000000800075c                DMA2_Stream7_IRQHandler
                0x000000000800075c                I2C3_EV_IRQHandler
                0x000000000800075c                EXTI9_5_IRQHandler
                0x000000000800075c                RTC_WKUP_IRQHandler
                0x000000000800075c                SPI2_IRQHandler
                0x000000000800075c                DMA1_Stream0_IRQHandler
                0x000000000800075c                EXTI4_IRQHandler
                0x000000000800075c                WWDG_IRQHandler
                0x000000000800075c                TIM2_IRQHandler
                0x000000000800075c                OTG_FS_WKUP_IRQHandler
                0x000000000800075c                TIM1_TRG_COM_TIM11_IRQHandler
                0x000000000800075c                EXTI1_IRQHandler
                0x000000000800075c                USART2_IRQHandler
                0x000000000800075c                I2C2_ER_IRQHandler
                0x000000000800075c                DMA2_Stream1_IRQHandler
                0x000000000800075c                FLASH_IRQHandler
                0x000000000800075c                DMA2_Stream4_IRQHandler
                0x000000000800075c                USART1_IRQHandler
                0x000000000800075c                SPI3_IRQHandler
                0x000000000800075c                DMA1_Stream4_IRQHandler
                0x000000000800075c                I2C1_ER_IRQHandler
                0x000000000800075c                DMA2_Stream6_IRQHandler
                0x000000000800075c                DMA1_Stream3_IRQHandler
 *fill*         0x000000000800075e        0x2 
 .text.HAL_Init
                0x0000000008000760       0x44 ./Drivers/STM32F4xx_HAL_Driver/Src/stm32f4xx_hal.o
                0x0000000008000760                HAL_Init
 .text.HAL_InitTick
                0x00000000080007a4       0x60 ./Drivers/STM32F4xx_HAL_Driver/Src/stm32f4xx_hal.o
                0x00000000080007a4                HAL_InitTick
 .text.HAL_IncTick
                0x0000000008000804       0x28 ./Drivers/STM32F4xx_HAL_Driver/Src/stm32f4xx_hal.o
                0x0000000008000804                HAL_IncTick
 .text.HAL_GetTick
                0x000000000800082c       0x18 ./Drivers/STM32F4xx_HAL_Driver/Src/stm32f4xx_hal.o
                0x000000000800082c                HAL_GetTick
 .text.HAL_Delay
                0x0000000008000844       0x48 ./Drivers/STM32F4xx_HAL_Driver/Src/stm32f4xx_hal.o
                0x0000000008000844                HAL_Delay
 .text.__NVIC_SetPriorityGrouping
                0x000000000800088c       0x48 ./Drivers/STM32F4xx_HAL_Driver/Src/stm32f4xx_hal_cortex.o
 .text.__NVIC_GetPriorityGrouping
                0x00000000080008d4       0x1c ./Drivers/STM32F4xx_HAL_Driver/Src/stm32f4xx_hal_cortex.o
 .text.__NVIC_EnableIRQ
                0x00000000080008f0       0x3c ./Drivers/STM32F4xx_HAL_Driver/Src/stm32f4xx_hal_cortex.o
 .text.__NVIC_SetPriority
                0x000000000800092c       0x54 ./Drivers/STM32F4xx_HAL_Driver/Src/stm32f4xx_hal_cortex.o
 .text.NVIC_EncodePriority
                0x0000000008000980       0x66 ./Drivers/STM32F4xx_HAL_Driver/Src/stm32f4xx_hal_cortex.o
 *fill*         0x00000000080009e6        0x2 
 .text.SysTick_Config
                0x00000000080009e8       0x44 ./Drivers/STM32F4xx_HAL_Driver/Src/stm32f4xx_hal_cortex.o
 .text.HAL_NVIC_SetPriorityGrouping
                0x0000000008000a2c       0x16 ./Drivers/STM32F4xx_HAL_Driver/Src/stm32f4xx_hal_cortex.o
                0x0000000008000a2c                HAL_NVIC_SetPriorityGrouping
 .text.HAL_NVIC_SetPriority
                0x0000000008000a42       0x38 ./Drivers/STM32F4xx_HAL_Driver/Src/stm32f4xx_hal_cortex.o
                0x0000000008000a42                HAL_NVIC_SetPriority
 .text.HAL_NVIC_EnableIRQ
                0x0000000008000a7a       0x1c ./Drivers/STM32F4xx_HAL_Driver/Src/stm32f4xx_hal_cortex.o
                0x0000000008000a7a                HAL_NVIC_EnableIRQ
 .text.HAL_SYSTICK_Config
                0x0000000008000a96       0x18 ./Drivers/STM32F4xx_HAL_Driver/Src/stm32f4xx_hal_cortex.o
                0x0000000008000a96                HAL_SYSTICK_Config
 *fill*         0x0000000008000aae        0x2 
 .text.HAL_GPIO_Init
                0x0000000008000ab0      0x308 ./Drivers/STM32F4xx_HAL_Driver/Src/stm32f4xx_hal_gpio.o
                0x0000000008000ab0                HAL_GPIO_Init
 .text.HAL_PCD_Init
                0x0000000008000db8      0x23a ./Drivers/STM32F4xx_HAL_Driver/Src/stm32f4xx_hal_pcd.o
                0x0000000008000db8                HAL_PCD_Init
 .text.HAL_PCD_Start
                0x0000000008000ff2       0x66 ./Drivers/STM32F4xx_HAL_Driver/Src/stm32f4xx_hal_pcd.o
                0x0000000008000ff2                HAL_PCD_Start
 .text.HAL_PCD_IRQHandler
                0x0000000008001058      0x764 ./Drivers/STM32F4xx_HAL_Driver/Src/stm32f4xx_hal_pcd.o
                0x0000000008001058                HAL_PCD_IRQHandler
 .text.HAL_PCD_SetAddress
                0x00000000080017bc       0x4a ./Drivers/STM32F4xx_HAL_Driver/Src/stm32f4xx_hal_pcd.o
                0x00000000080017bc                HAL_PCD_SetAddress
 .text.HAL_PCD_EP_Open
                0x0000000008001806       0xd0 ./Drivers/STM32F4xx_HAL_Driver/Src/stm32f4xx_hal_pcd.o
                0x0000000008001806                HAL_PCD_EP_Open
 .text.HAL_PCD_EP_Close
                0x00000000080018d6       0x94 ./Drivers/STM32F4xx_HAL_Driver/Src/stm32f4xx_hal_pcd.o
                0x00000000080018d6                HAL_PCD_EP_Close
 .text.HAL_PCD_EP_Receive
                0x000000000800196a       0x96 ./Drivers/STM32F4xx_HAL_Driver/Src/stm32f4xx_hal_pcd.o
                0x000000000800196a                HAL_PCD_EP_Receive
 .text.HAL_PCD_EP_Transmit
                0x0000000008001a00       0x94 ./Drivers/STM32F4xx_HAL_Driver/Src/stm32f4xx_hal_pcd.o
                0x0000000008001a00                HAL_PCD_EP_Transmit
 .text.HAL_PCD_EP_SetStall
                0x0000000008001a94       0xc8 ./Drivers/STM32F4xx_HAL_Driver/Src/stm32f4xx_hal_pcd.o
                0x0000000008001a94                HAL_PCD_EP_SetStall
 .text.HAL_PCD_EP_ClrStall
                0x0000000008001b5c       0xac ./Drivers/STM32F4xx_HAL_Driver/Src/stm32f4xx_hal_pcd.o
                0x0000000008001b5c                HAL_PCD_EP_ClrStall
 .text.PCD_WriteEmptyTxFifo
                0x0000000008001c08      0x11a ./Drivers/STM32F4xx_HAL_Driver/Src/stm32f4xx_hal_pcd.o
 *fill*         0x0000000008001d22        0x2 
 .text.PCD_EP_OutXfrComplete_int
                0x0000000008001d24      0x218 ./Drivers/STM32F4xx_HAL_Driver/Src/stm32f4xx_hal_pcd.o
 .text.PCD_EP_OutSetupPacket_int
                0x0000000008001f3c       0x8c ./Drivers/STM32F4xx_HAL_Driver/Src/stm32f4xx_hal_pcd.o
 .text.HAL_PCDEx_SetTxFiFo
                0x0000000008001fc8       0x8e ./Drivers/STM32F4xx_HAL_Driver/Src/stm32f4xx_hal_pcd_ex.o
                0x0000000008001fc8                HAL_PCDEx_SetTxFiFo
 .text.HAL_PCDEx_SetRxFiFo
                0x0000000008002056       0x22 ./Drivers/STM32F4xx_HAL_Driver/Src/stm32f4xx_hal_pcd_ex.o
                0x0000000008002056                HAL_PCDEx_SetRxFiFo
 .text.HAL_PCDEx_LPM_Callback
                0x0000000008002078       0x18 ./Drivers/STM32F4xx_HAL_Driver/Src/stm32f4xx_hal_pcd_ex.o
                0x0000000008002078                HAL_PCDEx_LPM_Callback
 .text.HAL_RCC_OscConfig
                0x0000000008002090      0x4f0 ./Drivers/STM32F4xx_HAL_Driver/Src/stm32f4xx_hal_rcc.o
                0x0000000008002090                HAL_RCC_OscConfig
 .text.HAL_RCC_ClockConfig
                0x0000000008002580      0x1cc ./Drivers/STM32F4xx_HAL_Driver/Src/stm32f4xx_hal_rcc.o
                0x0000000008002580                HAL_RCC_ClockConfig
 .text.HAL_RCC_GetSysClockFreq
                0x000000000800274c      0x1c4 ./Drivers/STM32F4xx_HAL_Driver/Src/stm32f4xx_hal_rcc.o
                0x000000000800274c                HAL_RCC_GetSysClockFreq
 .text.HAL_RCC_GetHCLKFreq
                0x0000000008002910       0x18 ./Drivers/STM32F4xx_HAL_Driver/Src/stm32f4xx_hal_rcc.o
                0x0000000008002910                HAL_RCC_GetHCLKFreq
 .text.USB_CoreInit
                0x0000000008002928       0xc2 ./Drivers/STM32F4xx_HAL_Driver/Src/stm32f4xx_ll_usb.o
                0x0000000008002928                USB_CoreInit
 *fill*         0x00000000080029ea        0x2 
 .text.USB_SetTurnaroundTime
                0x00000000080029ec      0x144 ./Drivers/STM32F4xx_HAL_Driver/Src/stm32f4xx_ll_usb.o
                0x00000000080029ec                USB_SetTurnaroundTime
 .text.USB_EnableGlobalInt
                0x0000000008002b30       0x22 ./Drivers/STM32F4xx_HAL_Driver/Src/stm32f4xx_ll_usb.o
                0x0000000008002b30                USB_EnableGlobalInt
 .text.USB_DisableGlobalInt
                0x0000000008002b52       0x22 ./Drivers/STM32F4xx_HAL_Driver/Src/stm32f4xx_ll_usb.o
                0x0000000008002b52                USB_DisableGlobalInt
 .text.USB_SetCurrentMode
                0x0000000008002b74       0x98 ./Drivers/STM32F4xx_HAL_Driver/Src/stm32f4xx_ll_usb.o
                0x0000000008002b74                USB_SetCurrentMode
 .text.USB_DevInit
                0x0000000008002c0c      0x2c8 ./Drivers/STM32F4xx_HAL_Driver/Src/stm32f4xx_ll_usb.o
                0x0000000008002c0c                USB_DevInit
 .text.USB_FlushTxFifo
                0x0000000008002ed4       0x48 ./Drivers/STM32F4xx_HAL_Driver/Src/stm32f4xx_ll_usb.o
                0x0000000008002ed4                USB_FlushTxFifo
 .text.USB_FlushRxFifo
                0x0000000008002f1c       0x40 ./Drivers/STM32F4xx_HAL_Driver/Src/stm32f4xx_ll_usb.o
                0x0000000008002f1c                USB_FlushRxFifo
 .text.USB_SetDevSpeed
                0x0000000008002f5c       0x32 ./Drivers/STM32F4xx_HAL_Driver/Src/stm32f4xx_ll_usb.o
                0x0000000008002f5c                USB_SetDevSpeed
 .text.USB_GetDevSpeed
                0x0000000008002f8e       0x4a ./Drivers/STM32F4xx_HAL_Driver/Src/stm32f4xx_ll_usb.o
                0x0000000008002f8e                USB_GetDevSpeed
 .text.USB_ActivateEndpoint
                0x0000000008002fd8      0x10e ./Drivers/STM32F4xx_HAL_Driver/Src/stm32f4xx_ll_usb.o
                0x0000000008002fd8                USB_ActivateEndpoint
 *fill*         0x00000000080030e6        0x2 
 .text.USB_DeactivateEndpoint
                0x00000000080030e8      0x1b8 ./Drivers/STM32F4xx_HAL_Driver/Src/stm32f4xx_ll_usb.o
                0x00000000080030e8                USB_DeactivateEndpoint
 .text.USB_EPStartXfer
                0x00000000080032a0      0x488 ./Drivers/STM32F4xx_HAL_Driver/Src/stm32f4xx_ll_usb.o
                0x00000000080032a0                USB_EPStartXfer
 .text.USB_EP0StartXfer
                0x0000000008003728      0x2a6 ./Drivers/STM32F4xx_HAL_Driver/Src/stm32f4xx_ll_usb.o
                0x0000000008003728                USB_EP0StartXfer
 .text.USB_WritePacket
                0x00000000080039ce       0x7c ./Drivers/STM32F4xx_HAL_Driver/Src/stm32f4xx_ll_usb.o
                0x00000000080039ce                USB_WritePacket
 .text.USB_ReadPacket
                0x0000000008003a4a       0xb0 ./Drivers/STM32F4xx_HAL_Driver/Src/stm32f4xx_ll_usb.o
                0x0000000008003a4a                USB_ReadPacket
 .text.USB_EPSetStall
                0x0000000008003afa       0xdc ./Drivers/STM32F4xx_HAL_Driver/Src/stm32f4xx_ll_usb.o
                0x0000000008003afa                USB_EPSetStall
 .text.USB_EPClearStall
                0x0000000008003bd6       0xcc ./Drivers/STM32F4xx_HAL_Driver/Src/stm32f4xx_ll_usb.o
                0x0000000008003bd6                USB_EPClearStall
 .text.USB_SetDevAddress
                0x0000000008003ca2       0x4c ./Drivers/STM32F4xx_HAL_Driver/Src/stm32f4xx_ll_usb.o
                0x0000000008003ca2                USB_SetDevAddress
 .text.USB_DevConnect
                0x0000000008003cee       0x42 ./Drivers/STM32F4xx_HAL_Driver/Src/stm32f4xx_ll_usb.o
                0x0000000008003cee                USB_DevConnect
 .text.USB_DevDisconnect
                0x0000000008003d30       0x42 ./Drivers/STM32F4xx_HAL_Driver/Src/stm32f4xx_ll_usb.o
                0x0000000008003d30                USB_DevDisconnect
 .text.USB_ReadInterrupts
                0x0000000008003d72       0x26 ./Drivers/STM32F4xx_HAL_Driver/Src/stm32f4xx_ll_usb.o
                0x0000000008003d72                USB_ReadInterrupts
 .text.USB_ReadDevAllOutEpInterrupt
                0x0000000008003d98       0x34 ./Drivers/STM32F4xx_HAL_Driver/Src/stm32f4xx_ll_usb.o
                0x0000000008003d98                USB_ReadDevAllOutEpInterrupt
 .text.USB_ReadDevAllInEpInterrupt
                0x0000000008003dcc       0x34 ./Drivers/STM32F4xx_HAL_Driver/Src/stm32f4xx_ll_usb.o
                0x0000000008003dcc                USB_ReadDevAllInEpInterrupt
 .text.USB_ReadDevOutEPInterrupt
                0x0000000008003e00       0x3c ./Drivers/STM32F4xx_HAL_Driver/Src/stm32f4xx_ll_usb.o
                0x0000000008003e00                USB_ReadDevOutEPInterrupt
 .text.USB_ReadDevInEPInterrupt
                0x0000000008003e3c       0x5c ./Drivers/STM32F4xx_HAL_Driver/Src/stm32f4xx_ll_usb.o
                0x0000000008003e3c                USB_ReadDevInEPInterrupt
 .text.USB_GetMode
                0x0000000008003e98       0x1c ./Drivers/STM32F4xx_HAL_Driver/Src/stm32f4xx_ll_usb.o
                0x0000000008003e98                USB_GetMode
 .text.USB_ActivateSetup
                0x0000000008003eb4       0x46 ./Drivers/STM32F4xx_HAL_Driver/Src/stm32f4xx_ll_usb.o
                0x0000000008003eb4                USB_ActivateSetup
 *fill*         0x0000000008003efa        0x2 
 .text.USB_EP0_OutStart
                0x0000000008003efc       0xbc ./Drivers/STM32F4xx_HAL_Driver/Src/stm32f4xx_ll_usb.o
                0x0000000008003efc                USB_EP0_OutStart
 .text.USB_CoreReset
                0x0000000008003fb8       0x64 ./Drivers/STM32F4xx_HAL_Driver/Src/stm32f4xx_ll_usb.o
 .text.USBD_CUSTOM_HID_Init
                0x000000000800401c       0xa0 ./Middlewares/ST/STM32_USB_Device_Library/Class/CustomHID/Src/usbd_customhid.o
 .text.USBD_CUSTOM_HID_DeInit
                0x00000000080040bc       0x6a ./Middlewares/ST/STM32_USB_Device_Library/Class/CustomHID/Src/usbd_customhid.o
 *fill*         0x0000000008004126        0x2 
 .text.USBD_CUSTOM_HID_Setup
                0x0000000008004128      0x214 ./Middlewares/ST/STM32_USB_Device_Library/Class/CustomHID/Src/usbd_customhid.o
 .text.USBD_CUSTOM_HID_SendReport
                0x000000000800433c       0x5a ./Middlewares/ST/STM32_USB_Device_Library/Class/CustomHID/Src/usbd_customhid.o
                0x000000000800433c                USBD_CUSTOM_HID_SendReport
 *fill*         0x0000000008004396        0x2 
 .text.USBD_CUSTOM_HID_GetFSCfgDesc
                0x0000000008004398       0x20 ./Middlewares/ST/STM32_USB_Device_Library/Class/CustomHID/Src/usbd_customhid.o
 .text.USBD_CUSTOM_HID_GetHSCfgDesc
                0x00000000080043b8       0x20 ./Middlewares/ST/STM32_USB_Device_Library/Class/CustomHID/Src/usbd_customhid.o
 .text.USBD_CUSTOM_HID_GetOtherSpeedCfgDesc
                0x00000000080043d8       0x20 ./Middlewares/ST/STM32_USB_Device_Library/Class/CustomHID/Src/usbd_customhid.o
 .text.USBD_CUSTOM_HID_DataIn
                0x00000000080043f8       0x24 ./Middlewares/ST/STM32_USB_Device_Library/Class/CustomHID/Src/usbd_customhid.o
 .text.USBD_CUSTOM_HID_DataOut
                0x000000000800441c       0x40 ./Middlewares/ST/STM32_USB_Device_Library/Class/CustomHID/Src/usbd_customhid.o
 .text.USBD_CUSTOM_HID_ReceivePacket
                0x000000000800445c       0x34 ./Middlewares/ST/STM32_USB_Device_Library/Class/CustomHID/Src/usbd_customhid.o
                0x000000000800445c                USBD_CUSTOM_HID_ReceivePacket
 .text.USBD_CUSTOM_HID_EP0_RxReady
                0x0000000008004490       0x46 ./Middlewares/ST/STM32_USB_Device_Library/Class/CustomHID/Src/usbd_customhid.o
 *fill*         0x00000000080044d6        0x2 
 .text.USBD_CUSTOM_HID_GetDeviceQualifierDesc
                0x00000000080044d8       0x20 ./Middlewares/ST/STM32_USB_Device_Library/Class/CustomHID/Src/usbd_customhid.o
 .text.USBD_CUSTOM_HID_RegisterInterface
                0x00000000080044f8       0x2a ./Middlewares/ST/STM32_USB_Device_Library/Class/CustomHID/Src/usbd_customhid.o
                0x00000000080044f8                USBD_CUSTOM_HID_RegisterInterface
 .text.USBD_Init
                0x0000000008004522       0x60 ./Middlewares/ST/STM32_USB_Device_Library/Core/Src/usbd_core.o
                0x0000000008004522                USBD_Init
 .text.USBD_RegisterClass
                0x0000000008004582       0x4e ./Middlewares/ST/STM32_USB_Device_Library/Core/Src/usbd_core.o
                0x0000000008004582                USBD_RegisterClass
 .text.USBD_Start
                0x00000000080045d0       0x18 ./Middlewares/ST/STM32_USB_Device_Library/Core/Src/usbd_core.o
                0x00000000080045d0                USBD_Start
 .text.USBD_RunTestMode
                0x00000000080045e8       0x16 ./Middlewares/ST/STM32_USB_Device_Library/Core/Src/usbd_core.o
                0x00000000080045e8                USBD_RunTestMode
 .text.USBD_SetClassConfig
                0x00000000080045fe       0x38 ./Middlewares/ST/STM32_USB_Device_Library/Core/Src/usbd_core.o
                0x00000000080045fe                USBD_SetClassConfig
 .text.USBD_ClrClassConfig
                0x0000000008004636       0x30 ./Middlewares/ST/STM32_USB_Device_Library/Core/Src/usbd_core.o
                0x0000000008004636                USBD_ClrClassConfig
 .text.USBD_LL_SetupStage
                0x0000000008004666       0xaa ./Middlewares/ST/STM32_USB_Device_Library/Core/Src/usbd_core.o
                0x0000000008004666                USBD_LL_SetupStage
 .text.USBD_LL_DataOutStage
                0x0000000008004710       0xc6 ./Middlewares/ST/STM32_USB_Device_Library/Core/Src/usbd_core.o
                0x0000000008004710                USBD_LL_DataOutStage
 .text.USBD_LL_DataInStage
                0x00000000080047d6      0x12c ./Middlewares/ST/STM32_USB_Device_Library/Core/Src/usbd_core.o
                0x00000000080047d6                USBD_LL_DataInStage
 .text.USBD_LL_Reset
                0x0000000008004902       0x9c ./Middlewares/ST/STM32_USB_Device_Library/Core/Src/usbd_core.o
                0x0000000008004902                USBD_LL_Reset
 .text.USBD_LL_SetSpeed
                0x000000000800499e       0x20 ./Middlewares/ST/STM32_USB_Device_Library/Core/Src/usbd_core.o
                0x000000000800499e                USBD_LL_SetSpeed
 .text.USBD_LL_Suspend
                0x00000000080049be       0x2c ./Middlewares/ST/STM32_USB_Device_Library/Core/Src/usbd_core.o
                0x00000000080049be                USBD_LL_Suspend
 .text.USBD_LL_Resume
                0x00000000080049ea       0x30 ./Middlewares/ST/STM32_USB_Device_Library/Core/Src/usbd_core.o
                0x00000000080049ea                USBD_LL_Resume
 .text.USBD_LL_SOF
                0x0000000008004a1a       0x44 ./Middlewares/ST/STM32_USB_Device_Library/Core/Src/usbd_core.o
                0x0000000008004a1a                USBD_LL_SOF
 .text.USBD_LL_IsoINIncomplete
                0x0000000008004a5e       0x4c ./Middlewares/ST/STM32_USB_Device_Library/Core/Src/usbd_core.o
                0x0000000008004a5e                USBD_LL_IsoINIncomplete
 .text.USBD_LL_IsoOUTIncomplete
                0x0000000008004aaa       0x4c ./Middlewares/ST/STM32_USB_Device_Library/Core/Src/usbd_core.o
                0x0000000008004aaa                USBD_LL_IsoOUTIncomplete
 .text.USBD_LL_DevConnected
                0x0000000008004af6       0x16 ./Middlewares/ST/STM32_USB_Device_Library/Core/Src/usbd_core.o
                0x0000000008004af6                USBD_LL_DevConnected
 .text.USBD_LL_DevDisconnected
                0x0000000008004b0c       0x38 ./Middlewares/ST/STM32_USB_Device_Library/Core/Src/usbd_core.o
                0x0000000008004b0c                USBD_LL_DevDisconnected
 .text.SWAPBYTE
                0x0000000008004b44       0x3c ./Middlewares/ST/STM32_USB_Device_Library/Core/Src/usbd_ctlreq.o
 .text.USBD_StdDevReq
                0x0000000008004b80       0xdc ./Middlewares/ST/STM32_USB_Device_Library/Core/Src/usbd_ctlreq.o
                0x0000000008004b80                USBD_StdDevReq
 .text.USBD_StdItfReq
                0x0000000008004c5c       0x92 ./Middlewares/ST/STM32_USB_Device_Library/Core/Src/usbd_ctlreq.o
                0x0000000008004c5c                USBD_StdItfReq
 .text.USBD_StdEPReq
                0x0000000008004cee      0x2c4 ./Middlewares/ST/STM32_USB_Device_Library/Core/Src/usbd_ctlreq.o
                0x0000000008004cee                USBD_StdEPReq
 *fill*         0x0000000008004fb2        0x2 
 .text.USBD_GetDescriptor
                0x0000000008004fb4      0x2d4 ./Middlewares/ST/STM32_USB_Device_Library/Core/Src/usbd_ctlreq.o
 .text.USBD_SetAddress
                0x0000000008005288       0x88 ./Middlewares/ST/STM32_USB_Device_Library/Core/Src/usbd_ctlreq.o
 .text.USBD_SetConfig
                0x0000000008005310      0x14c ./Middlewares/ST/STM32_USB_Device_Library/Core/Src/usbd_ctlreq.o
 .text.USBD_GetConfig
                0x000000000800545c       0x6c ./Middlewares/ST/STM32_USB_Device_Library/Core/Src/usbd_ctlreq.o
 .text.USBD_GetStatus
                0x00000000080054c8       0x68 ./Middlewares/ST/STM32_USB_Device_Library/Core/Src/usbd_ctlreq.o
 .text.USBD_SetFeature
                0x0000000008005530       0x28 ./Middlewares/ST/STM32_USB_Device_Library/Core/Src/usbd_ctlreq.o
 .text.USBD_ClrFeature
                0x0000000008005558       0x44 ./Middlewares/ST/STM32_USB_Device_Library/Core/Src/usbd_ctlreq.o
 .text.USBD_ParseSetupRequest
                0x000000000800559c       0x74 ./Middlewares/ST/STM32_USB_Device_Library/Core/Src/usbd_ctlreq.o
                0x000000000800559c                USBD_ParseSetupRequest
 .text.USBD_CtlError
                0x0000000008005610       0x22 ./Middlewares/ST/STM32_USB_Device_Library/Core/Src/usbd_ctlreq.o
                0x0000000008005610                USBD_CtlError
 .text.USBD_GetString
                0x0000000008005632       0x8c ./Middlewares/ST/STM32_USB_Device_Library/Core/Src/usbd_ctlreq.o
                0x0000000008005632                USBD_GetString
 .text.USBD_GetLen
                0x00000000080056be       0x34 ./Middlewares/ST/STM32_USB_Device_Library/Core/Src/usbd_ctlreq.o
 .text.USBD_CtlSendData
                0x00000000080056f2       0x36 ./Middlewares/ST/STM32_USB_Device_Library/Core/Src/usbd_ioreq.o
                0x00000000080056f2                USBD_CtlSendData
 .text.USBD_CtlContinueSendData
                0x0000000008005728       0x22 ./Middlewares/ST/STM32_USB_Device_Library/Core/Src/usbd_ioreq.o
                0x0000000008005728                USBD_CtlContinueSendData
 .text.USBD_CtlPrepareRx
                0x000000000800574a       0x3a ./Middlewares/ST/STM32_USB_Device_Library/Core/Src/usbd_ioreq.o
                0x000000000800574a                USBD_CtlPrepareRx
 .text.USBD_CtlContinueRx
                0x0000000008005784       0x22 ./Middlewares/ST/STM32_USB_Device_Library/Core/Src/usbd_ioreq.o
                0x0000000008005784                USBD_CtlContinueRx
 .text.USBD_CtlSendStatus
                0x00000000080057a6       0x26 ./Middlewares/ST/STM32_USB_Device_Library/Core/Src/usbd_ioreq.o
                0x00000000080057a6                USBD_CtlSendStatus
 .text.USBD_CtlReceiveStatus
                0x00000000080057cc       0x26 ./Middlewares/ST/STM32_USB_Device_Library/Core/Src/usbd_ioreq.o
                0x00000000080057cc                USBD_CtlReceiveStatus
 *fill*         0x00000000080057f2        0x2 
 .text.MX_USB_DEVICE_Init
                0x00000000080057f4       0x60 ./USB_DEVICE/App/usb_device.o
                0x00000000080057f4                MX_USB_DEVICE_Init
 .text.CUSTOM_HID_Init_FS
                0x0000000008005854       0x10 ./USB_DEVICE/App/usbd_custom_hid_if.o
 .text.CUSTOM_HID_DeInit_FS
                0x0000000008005864       0x10 ./USB_DEVICE/App/usbd_custom_hid_if.o
 .text.CUSTOM_HID_OutEvent_FS
                0x0000000008005874       0x24 ./USB_DEVICE/App/usbd_custom_hid_if.o
 .text.USBD_FS_DeviceDescriptor
                0x0000000008005898       0x24 ./USB_DEVICE/App/usbd_desc.o
                0x0000000008005898                USBD_FS_DeviceDescriptor
 .text.USBD_FS_LangIDStrDescriptor
                0x00000000080058bc       0x24 ./USB_DEVICE/App/usbd_desc.o
                0x00000000080058bc                USBD_FS_LangIDStrDescriptor
 .text.USBD_FS_ProductStrDescriptor
                0x00000000080058e0       0x3c ./USB_DEVICE/App/usbd_desc.o
                0x00000000080058e0                USBD_FS_ProductStrDescriptor
 .text.USBD_FS_ManufacturerStrDescriptor
                0x000000000800591c       0x28 ./USB_DEVICE/App/usbd_desc.o
                0x000000000800591c                USBD_FS_ManufacturerStrDescriptor
 .text.USBD_FS_SerialStrDescriptor
                0x0000000008005944       0x24 ./USB_DEVICE/App/usbd_desc.o
                0x0000000008005944                USBD_FS_SerialStrDescriptor
 .text.USBD_FS_ConfigStrDescriptor
                0x0000000008005968       0x3c ./USB_DEVICE/App/usbd_desc.o
                0x0000000008005968                USBD_FS_ConfigStrDescriptor
 .text.USBD_FS_InterfaceStrDescriptor
                0x00000000080059a4       0x3c ./USB_DEVICE/App/usbd_desc.o
                0x00000000080059a4                USBD_FS_InterfaceStrDescriptor
 .text.Get_SerialNum
                0x00000000080059e0       0x58 ./USB_DEVICE/App/usbd_desc.o
 .text.IntToUnicode
                0x0000000008005a38       0x7e ./USB_DEVICE/App/usbd_desc.o
 *fill*         0x0000000008005ab6        0x2 
 .text.HAL_PCD_MspInit
                0x0000000008005ab8       0xa8 ./USB_DEVICE/Target/usbd_conf.o
                0x0000000008005ab8                HAL_PCD_MspInit
 .text.HAL_PCD_SetupStageCallback
                0x0000000008005b60       0x24 ./USB_DEVICE/Target/usbd_conf.o
                0x0000000008005b60                HAL_PCD_SetupStageCallback
 .text.HAL_PCD_DataOutStageCallback
                0x0000000008005b84       0x36 ./USB_DEVICE/Target/usbd_conf.o
                0x0000000008005b84                HAL_PCD_DataOutStageCallback
 .text.HAL_PCD_DataInStageCallback
                0x0000000008005bba       0x34 ./USB_DEVICE/Target/usbd_conf.o
                0x0000000008005bba                HAL_PCD_DataInStageCallback
 .text.HAL_PCD_SOFCallback
                0x0000000008005bee       0x1c ./USB_DEVICE/Target/usbd_conf.o
                0x0000000008005bee                HAL_PCD_SOFCallback
 .text.HAL_PCD_ResetCallback
                0x0000000008005c0a       0x50 ./USB_DEVICE/Target/usbd_conf.o
                0x0000000008005c0a                HAL_PCD_ResetCallback
 *fill*         0x0000000008005c5a        0x2 
 .text.HAL_PCD_SuspendCallback
                0x0000000008005c5c       0x4c ./USB_DEVICE/Target/usbd_conf.o
                0x0000000008005c5c                HAL_PCD_SuspendCallback
 .text.HAL_PCD_ResumeCallback
                0x0000000008005ca8       0x1c ./USB_DEVICE/Target/usbd_conf.o
                0x0000000008005ca8                HAL_PCD_ResumeCallback
 .text.HAL_PCD_ISOOUTIncompleteCallback
                0x0000000008005cc4       0x24 ./USB_DEVICE/Target/usbd_conf.o
                0x0000000008005cc4                HAL_PCD_ISOOUTIncompleteCallback
 .text.HAL_PCD_ISOINIncompleteCallback
                0x0000000008005ce8       0x24 ./USB_DEVICE/Target/usbd_conf.o
                0x0000000008005ce8                HAL_PCD_ISOINIncompleteCallback
 .text.HAL_PCD_ConnectCallback
                0x0000000008005d0c       0x1c ./USB_DEVICE/Target/usbd_conf.o
                0x0000000008005d0c                HAL_PCD_ConnectCallback
 .text.HAL_PCD_DisconnectCallback
                0x0000000008005d28       0x1c ./USB_DEVICE/Target/usbd_conf.o
                0x0000000008005d28                HAL_PCD_DisconnectCallback
 .text.USBD_LL_Init
                0x0000000008005d44       0x98 ./USB_DEVICE/Target/usbd_conf.o
                0x0000000008005d44                USBD_LL_Init
 .text.USBD_LL_Start
                0x0000000008005ddc       0x36 ./USB_DEVICE/Target/usbd_conf.o
                0x0000000008005ddc                USBD_LL_Start
 .text.USBD_LL_OpenEP
                0x0000000008005e12       0x4c ./USB_DEVICE/Target/usbd_conf.o
                0x0000000008005e12                USBD_LL_OpenEP
 .text.USBD_LL_CloseEP
                0x0000000008005e5e       0x3e ./USB_DEVICE/Target/usbd_conf.o
                0x0000000008005e5e                USBD_LL_CloseEP
 .text.USBD_LL_StallEP
                0x0000000008005e9c       0x3e ./USB_DEVICE/Target/usbd_conf.o
                0x0000000008005e9c                USBD_LL_StallEP
 .text.USBD_LL_ClearStallEP
                0x0000000008005eda       0x3e ./USB_DEVICE/Target/usbd_conf.o
                0x0000000008005eda                USBD_LL_ClearStallEP
 .text.USBD_LL_IsStallEP
                0x0000000008005f18       0x58 ./USB_DEVICE/Target/usbd_conf.o
                0x0000000008005f18                USBD_LL_IsStallEP
 .text.USBD_LL_SetUSBAddress
                0x0000000008005f70       0x3e ./USB_DEVICE/Target/usbd_conf.o
                0x0000000008005f70                USBD_LL_SetUSBAddress
 .text.USBD_LL_Transmit
                0x0000000008005fae       0x42 ./USB_DEVICE/Target/usbd_conf.o
                0x0000000008005fae                USBD_LL_Transmit
 .text.USBD_LL_PrepareReceive
                0x0000000008005ff0       0x42 ./USB_DEVICE/Target/usbd_conf.o
                0x0000000008005ff0                USBD_LL_PrepareReceive
 *fill*         0x0000000008006032        0x2 
 .text.USBD_static_malloc
                0x0000000008006034       0x1c ./USB_DEVICE/Target/usbd_conf.o
                0x0000000008006034                USBD_static_malloc
 .text.USBD_static_free
                0x0000000008006050       0x14 ./USB_DEVICE/Target/usbd_conf.o
                0x0000000008006050                USBD_static_free
 .text.USBD_Get_USB_Status
                0x0000000008006064       0x58 ./USB_DEVICE/Target/usbd_conf.o
                0x0000000008006064                USBD_Get_USB_Status
 .text.USB_charToCode
                0x00000000080060bc      0x190 ./usb_hid_keyboard/Src/usb_hid_keyboard.o
 .text.USB_Keyboard_SendChar
                0x000000000800624c       0x6c ./usb_hid_keyboard/Src/usb_hid_keyboard.o
                0x000000000800624c                USB_Keyboard_SendChar
 .text.USB_Keyboard_SendString
                0x00000000080062b8       0x38 ./usb_hid_keyboard/Src/usb_hid_keyboard.o
                0x00000000080062b8                USB_Keyboard_SendString
 .text.__libc_init_array
                0x00000000080062f0       0x48 /opt/stm32cubeide/plugins/com.st.stm32cube.ide.mcu.externaltools.gnu-tools-for-stm32.9-2020-q2-update.linux64_2.0.0.202105311346/tools/bin/../lib/gcc/arm-none-eabi/9.3.1/../../../../arm-none-eabi/lib/thumb/v7e-m+fp/hard/libc_nano.a(lib_a-init.o)
                0x00000000080062f0                __libc_init_array
 .text.memset   0x0000000008006338       0x10 /opt/stm32cubeide/plugins/com.st.stm32cube.ide.mcu.externaltools.gnu-tools-for-stm32.9-2020-q2-update.linux64_2.0.0.202105311346/tools/bin/../lib/gcc/arm-none-eabi/9.3.1/../../../../arm-none-eabi/lib/thumb/v7e-m+fp/hard/libc_nano.a(lib_a-memset.o)
                0x0000000008006338                memset
 *(.glue_7)
 .glue_7        0x0000000008006348        0x0 linker stubs
 *(.glue_7t)
 .glue_7t       0x0000000008006348        0x0 linker stubs
 *(.eh_frame)
 .eh_frame      0x0000000008006348        0x0 /opt/stm32cubeide/plugins/com.st.stm32cube.ide.mcu.externaltools.gnu-tools-for-stm32.9-2020-q2-update.linux64_2.0.0.202105311346/tools/bin/../lib/gcc/arm-none-eabi/9.3.1/thumb/v7e-m+fp/hard/crtbegin.o
 *(.init)
 .init          0x0000000008006348        0x4 /opt/stm32cubeide/plugins/com.st.stm32cube.ide.mcu.externaltools.gnu-tools-for-stm32.9-2020-q2-update.linux64_2.0.0.202105311346/tools/bin/../lib/gcc/arm-none-eabi/9.3.1/thumb/v7e-m+fp/hard/crti.o
                0x0000000008006348                _init
 .init          0x000000000800634c        0x8 /opt/stm32cubeide/plugins/com.st.stm32cube.ide.mcu.externaltools.gnu-tools-for-stm32.9-2020-q2-update.linux64_2.0.0.202105311346/tools/bin/../lib/gcc/arm-none-eabi/9.3.1/thumb/v7e-m+fp/hard/crtn.o
 *(.fini)
 .fini          0x0000000008006354        0x4 /opt/stm32cubeide/plugins/com.st.stm32cube.ide.mcu.externaltools.gnu-tools-for-stm32.9-2020-q2-update.linux64_2.0.0.202105311346/tools/bin/../lib/gcc/arm-none-eabi/9.3.1/thumb/v7e-m+fp/hard/crti.o
                0x0000000008006354                _fini
 .fini          0x0000000008006358        0x8 /opt/stm32cubeide/plugins/com.st.stm32cube.ide.mcu.externaltools.gnu-tools-for-stm32.9-2020-q2-update.linux64_2.0.0.202105311346/tools/bin/../lib/gcc/arm-none-eabi/9.3.1/thumb/v7e-m+fp/hard/crtn.o
                0x0000000008006360                . = ALIGN (0x4)
                0x0000000008006360                _etext = .

.vfp11_veneer   0x0000000008006360        0x0
 .vfp11_veneer  0x0000000008006360        0x0 linker stubs

.v4_bx          0x0000000008006360        0x0
 .v4_bx         0x0000000008006360        0x0 linker stubs

.iplt           0x0000000008006360        0x0
 .iplt          0x0000000008006360        0x0 /opt/stm32cubeide/plugins/com.st.stm32cube.ide.mcu.externaltools.gnu-tools-for-stm32.9-2020-q2-update.linux64_2.0.0.202105311346/tools/bin/../lib/gcc/arm-none-eabi/9.3.1/thumb/v7e-m+fp/hard/crtbegin.o

.rodata         0x0000000008006360       0x78
                0x0000000008006360                . = ALIGN (0x4)
 *(.rodata)
 .rodata        0x0000000008006360        0x6 ./Core/Src/main.o
 *fill*         0x0000000008006366        0x2 
 .rodata        0x0000000008006368       0x5d ./USB_DEVICE/App/usbd_desc.o
 *(.rodata*)
 *fill*         0x00000000080063c5        0x3 
 .rodata.AHBPrescTable
                0x00000000080063c8       0x10 ./Core/Src/system_stm32f4xx.o
                0x00000000080063c8                AHBPrescTable
                0x00000000080063d8                . = ALIGN (0x4)

.ARM.extab      0x00000000080063d8        0x0
                0x00000000080063d8                . = ALIGN (0x4)
 *(.ARM.extab* .gnu.linkonce.armextab.*)
                0x00000000080063d8                . = ALIGN (0x4)

.ARM            0x00000000080063d8        0x8
                0x00000000080063d8                . = ALIGN (0x4)
                0x00000000080063d8                __exidx_start = .
 *(.ARM.exidx*)
 .ARM.exidx     0x00000000080063d8        0x8 /opt/stm32cubeide/plugins/com.st.stm32cube.ide.mcu.externaltools.gnu-tools-for-stm32.9-2020-q2-update.linux64_2.0.0.202105311346/tools/bin/../lib/gcc/arm-none-eabi/9.3.1/thumb/v7e-m+fp/hard/libgcc.a(_udivmoddi4.o)
                0x00000000080063e0                __exidx_end = .
                0x00000000080063e0                . = ALIGN (0x4)

.rel.dyn        0x00000000080063e0        0x0
 .rel.iplt      0x00000000080063e0        0x0 /opt/stm32cubeide/plugins/com.st.stm32cube.ide.mcu.externaltools.gnu-tools-for-stm32.9-2020-q2-update.linux64_2.0.0.202105311346/tools/bin/../lib/gcc/arm-none-eabi/9.3.1/thumb/v7e-m+fp/hard/crtbegin.o

.preinit_array  0x00000000080063e0        0x0
                0x00000000080063e0                . = ALIGN (0x4)
                0x00000000080063e0                PROVIDE (__preinit_array_start = .)
 *(.preinit_array*)
                0x00000000080063e0                PROVIDE (__preinit_array_end = .)
                0x00000000080063e0                . = ALIGN (0x4)

.init_array     0x00000000080063e0        0x4
                0x00000000080063e0                . = ALIGN (0x4)
                0x00000000080063e0                PROVIDE (__init_array_start = .)
 *(SORT_BY_NAME(.init_array.*))
 *(.init_array*)
 .init_array    0x00000000080063e0        0x4 /opt/stm32cubeide/plugins/com.st.stm32cube.ide.mcu.externaltools.gnu-tools-for-stm32.9-2020-q2-update.linux64_2.0.0.202105311346/tools/bin/../lib/gcc/arm-none-eabi/9.3.1/thumb/v7e-m+fp/hard/crtbegin.o
                0x00000000080063e4                PROVIDE (__init_array_end = .)
                0x00000000080063e4                . = ALIGN (0x4)

.fini_array     0x00000000080063e4        0x4
                0x00000000080063e4                . = ALIGN (0x4)
                [!provide]                        PROVIDE (__fini_array_start = .)
 *(SORT_BY_NAME(.fini_array.*))
 *(.fini_array*)
 .fini_array    0x00000000080063e4        0x4 /opt/stm32cubeide/plugins/com.st.stm32cube.ide.mcu.externaltools.gnu-tools-for-stm32.9-2020-q2-update.linux64_2.0.0.202105311346/tools/bin/../lib/gcc/arm-none-eabi/9.3.1/thumb/v7e-m+fp/hard/crtbegin.o
                [!provide]                        PROVIDE (__fini_array_end = .)
                0x00000000080063e8                . = ALIGN (0x4)
                0x00000000080063e8                _sidata = LOADADDR (.data)

.data           0x0000000020000000      0x180 load address 0x00000000080063e8
                0x0000000020000000                . = ALIGN (0x4)
                0x0000000020000000                _sdata = .
 *(.data)
 *(.data*)
 .data.SystemCoreClock
                0x0000000020000000        0x4 ./Core/Src/system_stm32f4xx.o
                0x0000000020000000                SystemCoreClock
 .data.uwTickPrio
                0x0000000020000004        0x4 ./Drivers/STM32F4xx_HAL_Driver/Src/stm32f4xx_hal.o
                0x0000000020000004                uwTickPrio
 .data.uwTickFreq
                0x0000000020000008        0x1 ./Drivers/STM32F4xx_HAL_Driver/Src/stm32f4xx_hal.o
                0x0000000020000008                uwTickFreq
 *fill*         0x0000000020000009        0x3 
 .data.USBD_CUSTOM_HID
                0x000000002000000c       0x38 ./Middlewares/ST/STM32_USB_Device_Library/Class/CustomHID/Src/usbd_customhid.o
                0x000000002000000c                USBD_CUSTOM_HID
 .data.USBD_CUSTOM_HID_CfgFSDesc
                0x0000000020000044       0x29 ./Middlewares/ST/STM32_USB_Device_Library/Class/CustomHID/Src/usbd_customhid.o
 *fill*         0x000000002000006d        0x3 
 .data.USBD_CUSTOM_HID_CfgHSDesc
                0x0000000020000070       0x29 ./Middlewares/ST/STM32_USB_Device_Library/Class/CustomHID/Src/usbd_customhid.o
 *fill*         0x0000000020000099        0x3 
 .data.USBD_CUSTOM_HID_OtherSpeedCfgDesc
                0x000000002000009c       0x29 ./Middlewares/ST/STM32_USB_Device_Library/Class/CustomHID/Src/usbd_customhid.o
 *fill*         0x00000000200000c5        0x3 
 .data.USBD_CUSTOM_HID_Desc
                0x00000000200000c8        0x9 ./Middlewares/ST/STM32_USB_Device_Library/Class/CustomHID/Src/usbd_customhid.o
 *fill*         0x00000000200000d1        0x3 
 .data.USBD_CUSTOM_HID_DeviceQualifierDesc
                0x00000000200000d4        0xa ./Middlewares/ST/STM32_USB_Device_Library/Class/CustomHID/Src/usbd_customhid.o
 *fill*         0x00000000200000de        0x2 
 .data.CUSTOM_HID_ReportDesc_FS
                0x00000000200000e0       0x3f ./USB_DEVICE/App/usbd_custom_hid_if.o
 *fill*         0x000000002000011f        0x1 
 .data.USBD_CustomHID_fops_FS
                0x0000000020000120       0x10 ./USB_DEVICE/App/usbd_custom_hid_if.o
                0x0000000020000120                USBD_CustomHID_fops_FS
 .data.FS_Desc  0x0000000020000130       0x1c ./USB_DEVICE/App/usbd_desc.o
                0x0000000020000130                FS_Desc
 .data.USBD_FS_DeviceDesc
                0x000000002000014c       0x12 ./USB_DEVICE/App/usbd_desc.o
                0x000000002000014c                USBD_FS_DeviceDesc
 *fill*         0x000000002000015e        0x2 
 .data.USBD_LangIDDesc
                0x0000000020000160        0x4 ./USB_DEVICE/App/usbd_desc.o
                0x0000000020000160                USBD_LangIDDesc
 .data.USBD_StringSerial
                0x0000000020000164       0x1a ./USB_DEVICE/App/usbd_desc.o
                0x0000000020000164                USBD_StringSerial
 *(.RamFunc)
 *(.RamFunc*)
                0x0000000020000180                . = ALIGN (0x4)
 *fill*         0x000000002000017e        0x2 
                0x0000000020000180                _edata = .

.igot.plt       0x0000000020000180        0x0 load address 0x0000000008006568
 .igot.plt      0x0000000020000180        0x0 /opt/stm32cubeide/plugins/com.st.stm32cube.ide.mcu.externaltools.gnu-tools-for-stm32.9-2020-q2-update.linux64_2.0.0.202105311346/tools/bin/../lib/gcc/arm-none-eabi/9.3.1/thumb/v7e-m+fp/hard/crtbegin.o
                0x0000000020000180                . = ALIGN (0x4)

.bss            0x0000000020000180      0x924 load address 0x0000000008006568
                0x0000000020000180                _sbss = .
                0x0000000020000180                __bss_start__ = _sbss
 *(.bss)
 .bss           0x0000000020000180       0x1c /opt/stm32cubeide/plugins/com.st.stm32cube.ide.mcu.externaltools.gnu-tools-for-stm32.9-2020-q2-update.linux64_2.0.0.202105311346/tools/bin/../lib/gcc/arm-none-eabi/9.3.1/thumb/v7e-m+fp/hard/crtbegin.o
 *(.bss*)
 .bss.cfgidx.9746
                0x000000002000019c        0x1 ./Middlewares/ST/STM32_USB_Device_Library/Core/Src/usbd_ctlreq.o
 *fill*         0x000000002000019d        0x3 
 .bss.mem.9798  0x00000000200001a0       0x20 ./USB_DEVICE/Target/usbd_conf.o
 .bss.HID_buffer
                0x00000000200001c0        0x8 ./usb_hid_keyboard/Src/usb_hid_keyboard.o
 *(COMMON)
 COMMON         0x00000000200001c8        0x4 ./Drivers/STM32F4xx_HAL_Driver/Src/stm32f4xx_hal.o
                0x00000000200001c8                uwTick
 COMMON         0x00000000200001cc      0x2d0 ./USB_DEVICE/App/usb_device.o
                0x00000000200001cc                hUsbDeviceFS
 COMMON         0x000000002000049c      0x200 ./USB_DEVICE/App/usbd_desc.o
                0x000000002000049c                USBD_StrDesc
 COMMON         0x000000002000069c      0x408 ./USB_DEVICE/Target/usbd_conf.o
                0x000000002000069c                hpcd_USB_OTG_FS
                0x0000000020000aa4                . = ALIGN (0x4)
                0x0000000020000aa4                _ebss = .
                0x0000000020000aa4                __bss_end__ = _ebss

._user_heap_stack
                0x0000000020000aa4      0xd04 load address 0x0000000008006568
                0x0000000020000aa8                . = ALIGN (0x8)
 *fill*         0x0000000020000aa4        0x4 
                [!provide]                        PROVIDE (end = .)
                0x0000000020000aa8                PROVIDE (_end = .)
                0x00000000200012a8                . = (. + _Min_Heap_Size)
 *fill*         0x0000000020000aa8      0x800 
                0x00000000200017a8                . = (. + _Min_Stack_Size)
 *fill*         0x00000000200012a8      0x500 
                0x00000000200017a8                . = ALIGN (0x8)

/DISCARD/
 libc.a(*)
 libm.a(*)
 libgcc.a(*)

.ARM.attributes
                0x0000000000000000       0x30
 *(.ARM.attributes)
 .ARM.attributes
                0x0000000000000000       0x1e /opt/stm32cubeide/plugins/com.st.stm32cube.ide.mcu.externaltools.gnu-tools-for-stm32.9-2020-q2-update.linux64_2.0.0.202105311346/tools/bin/../lib/gcc/arm-none-eabi/9.3.1/thumb/v7e-m+fp/hard/crti.o
 .ARM.attributes
                0x000000000000001e       0x34 /opt/stm32cubeide/plugins/com.st.stm32cube.ide.mcu.externaltools.gnu-tools-for-stm32.9-2020-q2-update.linux64_2.0.0.202105311346/tools/bin/../lib/gcc/arm-none-eabi/9.3.1/thumb/v7e-m+fp/hard/crtbegin.o
 .ARM.attributes
                0x0000000000000052       0x34 ./Core/Src/main.o
 .ARM.attributes
                0x0000000000000086       0x34 ./Core/Src/stm32f4xx_hal_msp.o
 .ARM.attributes
                0x00000000000000ba       0x34 ./Core/Src/stm32f4xx_it.o
 .ARM.attributes
                0x00000000000000ee       0x34 ./Core/Src/system_stm32f4xx.o
 .ARM.attributes
                0x0000000000000122       0x21 ./Core/Startup/startup_stm32f401retx.o
 .ARM.attributes
                0x0000000000000143       0x34 ./Drivers/STM32F4xx_HAL_Driver/Src/stm32f4xx_hal.o
 .ARM.attributes
                0x0000000000000177       0x34 ./Drivers/STM32F4xx_HAL_Driver/Src/stm32f4xx_hal_cortex.o
 .ARM.attributes
                0x00000000000001ab       0x34 ./Drivers/STM32F4xx_HAL_Driver/Src/stm32f4xx_hal_gpio.o
 .ARM.attributes
                0x00000000000001df       0x34 ./Drivers/STM32F4xx_HAL_Driver/Src/stm32f4xx_hal_pcd.o
 .ARM.attributes
                0x0000000000000213       0x34 ./Drivers/STM32F4xx_HAL_Driver/Src/stm32f4xx_hal_pcd_ex.o
 .ARM.attributes
                0x0000000000000247       0x34 ./Drivers/STM32F4xx_HAL_Driver/Src/stm32f4xx_hal_rcc.o
 .ARM.attributes
                0x000000000000027b       0x34 ./Drivers/STM32F4xx_HAL_Driver/Src/stm32f4xx_ll_usb.o
 .ARM.attributes
                0x00000000000002af       0x34 ./Middlewares/ST/STM32_USB_Device_Library/Class/CustomHID/Src/usbd_customhid.o
 .ARM.attributes
                0x00000000000002e3       0x34 ./Middlewares/ST/STM32_USB_Device_Library/Core/Src/usbd_core.o
 .ARM.attributes
                0x0000000000000317       0x34 ./Middlewares/ST/STM32_USB_Device_Library/Core/Src/usbd_ctlreq.o
 .ARM.attributes
                0x000000000000034b       0x34 ./Middlewares/ST/STM32_USB_Device_Library/Core/Src/usbd_ioreq.o
 .ARM.attributes
                0x000000000000037f       0x34 ./USB_DEVICE/App/usb_device.o
 .ARM.attributes
                0x00000000000003b3       0x34 ./USB_DEVICE/App/usbd_custom_hid_if.o
 .ARM.attributes
                0x00000000000003e7       0x34 ./USB_DEVICE/App/usbd_desc.o
 .ARM.attributes
                0x000000000000041b       0x34 ./USB_DEVICE/Target/usbd_conf.o
 .ARM.attributes
                0x000000000000044f       0x34 ./usb_hid_keyboard/Src/usb_hid_keyboard.o
 .ARM.attributes
                0x0000000000000483       0x34 /opt/stm32cubeide/plugins/com.st.stm32cube.ide.mcu.externaltools.gnu-tools-for-stm32.9-2020-q2-update.linux64_2.0.0.202105311346/tools/bin/../lib/gcc/arm-none-eabi/9.3.1/../../../../arm-none-eabi/lib/thumb/v7e-m+fp/hard/libc_nano.a(lib_a-init.o)
 .ARM.attributes
                0x00000000000004b7       0x34 /opt/stm32cubeide/plugins/com.st.stm32cube.ide.mcu.externaltools.gnu-tools-for-stm32.9-2020-q2-update.linux64_2.0.0.202105311346/tools/bin/../lib/gcc/arm-none-eabi/9.3.1/../../../../arm-none-eabi/lib/thumb/v7e-m+fp/hard/libc_nano.a(lib_a-memset.o)
 .ARM.attributes
                0x00000000000004eb       0x1e /opt/stm32cubeide/plugins/com.st.stm32cube.ide.mcu.externaltools.gnu-tools-for-stm32.9-2020-q2-update.linux64_2.0.0.202105311346/tools/bin/../lib/gcc/arm-none-eabi/9.3.1/thumb/v7e-m+fp/hard/libgcc.a(_aeabi_uldivmod.o)
 .ARM.attributes
                0x0000000000000509       0x34 /opt/stm32cubeide/plugins/com.st.stm32cube.ide.mcu.externaltools.gnu-tools-for-stm32.9-2020-q2-update.linux64_2.0.0.202105311346/tools/bin/../lib/gcc/arm-none-eabi/9.3.1/thumb/v7e-m+fp/hard/libgcc.a(_udivmoddi4.o)
 .ARM.attributes
                0x000000000000053d       0x1e /opt/stm32cubeide/plugins/com.st.stm32cube.ide.mcu.externaltools.gnu-tools-for-stm32.9-2020-q2-update.linux64_2.0.0.202105311346/tools/bin/../lib/gcc/arm-none-eabi/9.3.1/thumb/v7e-m+fp/hard/libgcc.a(_dvmd_tls.o)
 .ARM.attributes
                0x000000000000055b       0x1e /opt/stm32cubeide/plugins/com.st.stm32cube.ide.mcu.externaltools.gnu-tools-for-stm32.9-2020-q2-update.linux64_2.0.0.202105311346/tools/bin/../lib/gcc/arm-none-eabi/9.3.1/thumb/v7e-m+fp/hard/crtn.o
OUTPUT(rubber-ducky-stm32.elf elf32-littlearm)
LOAD linker stubs
LOAD /opt/stm32cubeide/plugins/com.st.stm32cube.ide.mcu.externaltools.gnu-tools-for-stm32.9-2020-q2-update.linux64_2.0.0.202105311346/tools/bin/../lib/gcc/arm-none-eabi/9.3.1/../../../../arm-none-eabi/lib/thumb/v7e-m+fp/hard/libc.a
LOAD /opt/stm32cubeide/plugins/com.st.stm32cube.ide.mcu.externaltools.gnu-tools-for-stm32.9-2020-q2-update.linux64_2.0.0.202105311346/tools/bin/../lib/gcc/arm-none-eabi/9.3.1/../../../../arm-none-eabi/lib/thumb/v7e-m+fp/hard/libm.a
LOAD /opt/stm32cubeide/plugins/com.st.stm32cube.ide.mcu.externaltools.gnu-tools-for-stm32.9-2020-q2-update.linux64_2.0.0.202105311346/tools/bin/../lib/gcc/arm-none-eabi/9.3.1/thumb/v7e-m+fp/hard/libgcc.a

.debug_info     0x0000000000000000    0x12f3b
 .debug_info    0x0000000000000000     0x13c7 ./Core/Src/main.o
 .debug_info    0x00000000000013c7      0x3c0 ./Core/Src/stm32f4xx_hal_msp.o
 .debug_info    0x0000000000001787      0x6db ./Core/Src/stm32f4xx_it.o
 .debug_info    0x0000000000001e62      0x5d0 ./Core/Src/system_stm32f4xx.o
 .debug_info    0x0000000000002432       0x22 ./Core/Startup/startup_stm32f401retx.o
 .debug_info    0x0000000000002454      0x93d ./Drivers/STM32F4xx_HAL_Driver/Src/stm32f4xx_hal.o
 .debug_info    0x0000000000002d91      0xe41 ./Drivers/STM32F4xx_HAL_Driver/Src/stm32f4xx_hal_cortex.o
 .debug_info    0x0000000000003bd2      0x862 ./Drivers/STM32F4xx_HAL_Driver/Src/stm32f4xx_hal_gpio.o
 .debug_info    0x0000000000004434     0x12d5 ./Drivers/STM32F4xx_HAL_Driver/Src/stm32f4xx_hal_pcd.o
 .debug_info    0x0000000000005709      0x7c3 ./Drivers/STM32F4xx_HAL_Driver/Src/stm32f4xx_hal_pcd_ex.o
 .debug_info    0x0000000000005ecc      0x9bd ./Drivers/STM32F4xx_HAL_Driver/Src/stm32f4xx_hal_rcc.o
 .debug_info    0x0000000000006889     0x1ab4 ./Drivers/STM32F4xx_HAL_Driver/Src/stm32f4xx_ll_usb.o
 .debug_info    0x000000000000833d     0x1421 ./Middlewares/ST/STM32_USB_Device_Library/Class/CustomHID/Src/usbd_customhid.o
 .debug_info    0x000000000000975e     0x13a7 ./Middlewares/ST/STM32_USB_Device_Library/Core/Src/usbd_core.o
 .debug_info    0x000000000000ab05     0x1373 ./Middlewares/ST/STM32_USB_Device_Library/Core/Src/usbd_ctlreq.o
 .debug_info    0x000000000000be78     0x1095 ./Middlewares/ST/STM32_USB_Device_Library/Core/Src/usbd_ioreq.o
 .debug_info    0x000000000000cf0d      0xfad ./USB_DEVICE/App/usb_device.o
 .debug_info    0x000000000000deba     0x101f ./USB_DEVICE/App/usbd_custom_hid_if.o
 .debug_info    0x000000000000eed9      0xdfa ./USB_DEVICE/App/usbd_desc.o
 .debug_info    0x000000000000fcd3     0x2237 ./USB_DEVICE/Target/usbd_conf.o
 .debug_info    0x0000000000011f0a     0x1031 ./usb_hid_keyboard/Src/usb_hid_keyboard.o

.debug_abbrev   0x0000000000000000     0x2e9c
 .debug_abbrev  0x0000000000000000      0x28c ./Core/Src/main.o
 .debug_abbrev  0x000000000000028c      0x11d ./Core/Src/stm32f4xx_hal_msp.o
 .debug_abbrev  0x00000000000003a9      0x184 ./Core/Src/stm32f4xx_it.o
 .debug_abbrev  0x000000000000052d      0x145 ./Core/Src/system_stm32f4xx.o
 .debug_abbrev  0x0000000000000672       0x12 ./Core/Startup/startup_stm32f401retx.o
 .debug_abbrev  0x0000000000000684      0x21e ./Drivers/STM32F4xx_HAL_Driver/Src/stm32f4xx_hal.o
 .debug_abbrev  0x00000000000008a2      0x33c ./Drivers/STM32F4xx_HAL_Driver/Src/stm32f4xx_hal_cortex.o
 .debug_abbrev  0x0000000000000bde      0x1f1 ./Drivers/STM32F4xx_HAL_Driver/Src/stm32f4xx_hal_gpio.o
 .debug_abbrev  0x0000000000000dcf      0x2a0 ./Drivers/STM32F4xx_HAL_Driver/Src/stm32f4xx_hal_pcd.o
 .debug_abbrev  0x000000000000106f      0x1fb ./Drivers/STM32F4xx_HAL_Driver/Src/stm32f4xx_hal_pcd_ex.o
 .debug_abbrev  0x000000000000126a      0x275 ./Drivers/STM32F4xx_HAL_Driver/Src/stm32f4xx_hal_rcc.o
 .debug_abbrev  0x00000000000014df      0x2a7 ./Drivers/STM32F4xx_HAL_Driver/Src/stm32f4xx_ll_usb.o
 .debug_abbrev  0x0000000000001786      0x2e0 ./Middlewares/ST/STM32_USB_Device_Library/Class/CustomHID/Src/usbd_customhid.o
 .debug_abbrev  0x0000000000001a66      0x2b7 ./Middlewares/ST/STM32_USB_Device_Library/Core/Src/usbd_core.o
 .debug_abbrev  0x0000000000001d1d      0x2fc ./Middlewares/ST/STM32_USB_Device_Library/Core/Src/usbd_ctlreq.o
 .debug_abbrev  0x0000000000002019      0x22a ./Middlewares/ST/STM32_USB_Device_Library/Core/Src/usbd_ioreq.o
 .debug_abbrev  0x0000000000002243      0x204 ./USB_DEVICE/App/usb_device.o
 .debug_abbrev  0x0000000000002447      0x241 ./USB_DEVICE/App/usbd_custom_hid_if.o
 .debug_abbrev  0x0000000000002688      0x2aa ./USB_DEVICE/App/usbd_desc.o
 .debug_abbrev  0x0000000000002932      0x32c ./USB_DEVICE/Target/usbd_conf.o
 .debug_abbrev  0x0000000000002c5e      0x23e ./usb_hid_keyboard/Src/usb_hid_keyboard.o

.debug_aranges  0x0000000000000000      0xb08
 .debug_aranges
                0x0000000000000000       0x38 ./Core/Src/main.o
 .debug_aranges
                0x0000000000000038       0x20 ./Core/Src/stm32f4xx_hal_msp.o
 .debug_aranges
                0x0000000000000058       0x68 ./Core/Src/stm32f4xx_it.o
 .debug_aranges
                0x00000000000000c0       0x28 ./Core/Src/system_stm32f4xx.o
 .debug_aranges
                0x00000000000000e8       0x28 ./Core/Startup/startup_stm32f401retx.o
 .debug_aranges
                0x0000000000000110       0xf0 ./Drivers/STM32F4xx_HAL_Driver/Src/stm32f4xx_hal.o
 .debug_aranges
                0x0000000000000200      0x118 ./Drivers/STM32F4xx_HAL_Driver/Src/stm32f4xx_hal_cortex.o
 .debug_aranges
                0x0000000000000318       0x58 ./Drivers/STM32F4xx_HAL_Driver/Src/stm32f4xx_hal_gpio.o
 .debug_aranges
                0x0000000000000370      0x138 ./Drivers/STM32F4xx_HAL_Driver/Src/stm32f4xx_hal_pcd.o
 .debug_aranges
                0x00000000000004a8       0x38 ./Drivers/STM32F4xx_HAL_Driver/Src/stm32f4xx_hal_pcd_ex.o
 .debug_aranges
                0x00000000000004e0       0x88 ./Drivers/STM32F4xx_HAL_Driver/Src/stm32f4xx_hal_rcc.o
 .debug_aranges
                0x0000000000000568      0x198 ./Drivers/STM32F4xx_HAL_Driver/Src/stm32f4xx_ll_usb.o
 .debug_aranges
                0x0000000000000700       0x80 ./Middlewares/ST/STM32_USB_Device_Library/Class/CustomHID/Src/usbd_customhid.o
 .debug_aranges
                0x0000000000000780       0xb8 ./Middlewares/ST/STM32_USB_Device_Library/Core/Src/usbd_core.o
 .debug_aranges
                0x0000000000000838       0x90 ./Middlewares/ST/STM32_USB_Device_Library/Core/Src/usbd_ctlreq.o
 .debug_aranges
                0x00000000000008c8       0x50 ./Middlewares/ST/STM32_USB_Device_Library/Core/Src/usbd_ioreq.o
 .debug_aranges
                0x0000000000000918       0x20 ./USB_DEVICE/App/usb_device.o
 .debug_aranges
                0x0000000000000938       0x30 ./USB_DEVICE/App/usbd_custom_hid_if.o
 .debug_aranges
                0x0000000000000968       0x60 ./USB_DEVICE/App/usbd_desc.o
 .debug_aranges
                0x00000000000009c8      0x110 ./USB_DEVICE/Target/usbd_conf.o
 .debug_aranges
                0x0000000000000ad8       0x30 ./usb_hid_keyboard/Src/usb_hid_keyboard.o

.debug_ranges   0x0000000000000000      0x9c0
 .debug_ranges  0x0000000000000000       0x28 ./Core/Src/main.o
 .debug_ranges  0x0000000000000028       0x10 ./Core/Src/stm32f4xx_hal_msp.o
 .debug_ranges  0x0000000000000038       0x58 ./Core/Src/stm32f4xx_it.o
 .debug_ranges  0x0000000000000090       0x18 ./Core/Src/system_stm32f4xx.o
 .debug_ranges  0x00000000000000a8       0x20 ./Core/Startup/startup_stm32f401retx.o
 .debug_ranges  0x00000000000000c8       0xe0 ./Drivers/STM32F4xx_HAL_Driver/Src/stm32f4xx_hal.o
 .debug_ranges  0x00000000000001a8      0x108 ./Drivers/STM32F4xx_HAL_Driver/Src/stm32f4xx_hal_cortex.o
 .debug_ranges  0x00000000000002b0       0x48 ./Drivers/STM32F4xx_HAL_Driver/Src/stm32f4xx_hal_gpio.o
 .debug_ranges  0x00000000000002f8      0x128 ./Drivers/STM32F4xx_HAL_Driver/Src/stm32f4xx_hal_pcd.o
 .debug_ranges  0x0000000000000420       0x28 ./Drivers/STM32F4xx_HAL_Driver/Src/stm32f4xx_hal_pcd_ex.o
 .debug_ranges  0x0000000000000448       0x78 ./Drivers/STM32F4xx_HAL_Driver/Src/stm32f4xx_hal_rcc.o
 .debug_ranges  0x00000000000004c0      0x188 ./Drivers/STM32F4xx_HAL_Driver/Src/stm32f4xx_ll_usb.o
 .debug_ranges  0x0000000000000648       0x70 ./Middlewares/ST/STM32_USB_Device_Library/Class/CustomHID/Src/usbd_customhid.o
 .debug_ranges  0x00000000000006b8       0xa8 ./Middlewares/ST/STM32_USB_Device_Library/Core/Src/usbd_core.o
 .debug_ranges  0x0000000000000760       0x80 ./Middlewares/ST/STM32_USB_Device_Library/Core/Src/usbd_ctlreq.o
 .debug_ranges  0x00000000000007e0       0x40 ./Middlewares/ST/STM32_USB_Device_Library/Core/Src/usbd_ioreq.o
 .debug_ranges  0x0000000000000820       0x10 ./USB_DEVICE/App/usb_device.o
 .debug_ranges  0x0000000000000830       0x20 ./USB_DEVICE/App/usbd_custom_hid_if.o
 .debug_ranges  0x0000000000000850       0x50 ./USB_DEVICE/App/usbd_desc.o
 .debug_ranges  0x00000000000008a0      0x100 ./USB_DEVICE/Target/usbd_conf.o
 .debug_ranges  0x00000000000009a0       0x20 ./usb_hid_keyboard/Src/usb_hid_keyboard.o

.debug_macro    0x0000000000000000    0x184b9
 .debug_macro   0x0000000000000000      0x41c ./Core/Src/main.o
 .debug_macro   0x000000000000041c      0xaa8 ./Core/Src/main.o
 .debug_macro   0x0000000000000ec4      0x295 ./Core/Src/main.o
 .debug_macro   0x0000000000001159       0x2e ./Core/Src/main.o
 .debug_macro   0x0000000000001187       0x28 ./Core/Src/main.o
 .debug_macro   0x00000000000011af       0x22 ./Core/Src/main.o
 .debug_macro   0x00000000000011d1       0x8e ./Core/Src/main.o
 .debug_macro   0x000000000000125f       0x51 ./Core/Src/main.o
 .debug_macro   0x00000000000012b0      0x103 ./Core/Src/main.o
 .debug_macro   0x00000000000013b3       0x6a ./Core/Src/main.o
 .debug_macro   0x000000000000141d      0x1df ./Core/Src/main.o
 .debug_macro   0x00000000000015fc       0x1c ./Core/Src/main.o
 .debug_macro   0x0000000000001618       0x22 ./Core/Src/main.o
 .debug_macro   0x000000000000163a       0xdf ./Core/Src/main.o
 .debug_macro   0x0000000000001719     0x102d ./Core/Src/main.o
 .debug_macro   0x0000000000002746      0x11f ./Core/Src/main.o
 .debug_macro   0x0000000000002865     0xb86c ./Core/Src/main.o
 .debug_macro   0x000000000000e0d1       0x6d ./Core/Src/main.o
 .debug_macro   0x000000000000e13e     0x3666 ./Core/Src/main.o
 .debug_macro   0x00000000000117a4      0x174 ./Core/Src/main.o
 .debug_macro   0x0000000000011918       0x5c ./Core/Src/main.o
 .debug_macro   0x0000000000011974      0x416 ./Core/Src/main.o
 .debug_macro   0x0000000000011d8a      0x9fe ./Core/Src/main.o
 .debug_macro   0x0000000000012788      0x116 ./Core/Src/main.o
 .debug_macro   0x000000000001289e       0xf8 ./Core/Src/main.o
 .debug_macro   0x0000000000012996       0xa5 ./Core/Src/main.o
 .debug_macro   0x0000000000012a3b      0x15f ./Core/Src/main.o
 .debug_macro   0x0000000000012b9a      0x287 ./Core/Src/main.o
 .debug_macro   0x0000000000012e21       0x5f ./Core/Src/main.o
 .debug_macro   0x0000000000012e80      0x236 ./Core/Src/main.o
 .debug_macro   0x00000000000130b6      0x132 ./Core/Src/main.o
 .debug_macro   0x00000000000131e8      0x264 ./Core/Src/main.o
 .debug_macro   0x000000000001344c       0x2e ./Core/Src/main.o
 .debug_macro   0x000000000001347a      0x11a ./Core/Src/main.o
 .debug_macro   0x0000000000013594       0x85 ./Core/Src/main.o
 .debug_macro   0x0000000000013619       0x89 ./Core/Src/main.o
 .debug_macro   0x00000000000136a2      0x21e ./Core/Src/main.o
 .debug_macro   0x00000000000138c0       0xba ./Core/Src/main.o
 .debug_macro   0x000000000001397a      0x126 ./Core/Src/main.o
 .debug_macro   0x0000000000013aa0       0x52 ./Core/Src/main.o
 .debug_macro   0x0000000000013af2       0x18 ./Core/Src/main.o
 .debug_macro   0x0000000000013b0a       0x3c ./Core/Src/main.o
 .debug_macro   0x0000000000013b46       0x34 ./Core/Src/main.o
 .debug_macro   0x0000000000013b7a       0x16 ./Core/Src/main.o
 .debug_macro   0x0000000000013b90       0x35 ./Core/Src/main.o
 .debug_macro   0x0000000000013bc5      0x333 ./Core/Src/main.o
 .debug_macro   0x0000000000013ef8       0x10 ./Core/Src/main.o
 .debug_macro   0x0000000000013f08       0x16 ./Core/Src/main.o
 .debug_macro   0x0000000000013f1e       0x43 ./Core/Src/main.o
 .debug_macro   0x0000000000013f61       0x34 ./Core/Src/main.o
 .debug_macro   0x0000000000013f95       0x10 ./Core/Src/main.o
 .debug_macro   0x0000000000013fa5       0x58 ./Core/Src/main.o
 .debug_macro   0x0000000000013ffd       0x71 ./Core/Src/main.o
 .debug_macro   0x000000000001406e       0x1c ./Core/Src/main.o
 .debug_macro   0x000000000001408a      0x12a ./Core/Src/main.o
 .debug_macro   0x00000000000141b4       0x10 ./Core/Src/main.o
 .debug_macro   0x00000000000141c4       0x1c ./Core/Src/main.o
 .debug_macro   0x00000000000141e0       0x52 ./Core/Src/main.o
 .debug_macro   0x0000000000014232       0x22 ./Core/Src/main.o
 .debug_macro   0x0000000000014254       0x10 ./Core/Src/main.o
 .debug_macro   0x0000000000014264       0x40 ./Core/Src/main.o
 .debug_macro   0x00000000000142a4       0xd5 ./Core/Src/main.o
 .debug_macro   0x0000000000014379       0x1c ./Core/Src/main.o
 .debug_macro   0x0000000000014395       0x3d ./Core/Src/main.o
 .debug_macro   0x00000000000143d2       0x16 ./Core/Src/main.o
 .debug_macro   0x00000000000143e8      0x145 ./Core/Src/main.o
 .debug_macro   0x000000000001452d       0x16 ./Core/Src/main.o
 .debug_macro   0x0000000000014543       0x16 ./Core/Src/main.o
 .debug_macro   0x0000000000014559       0x29 ./Core/Src/main.o
 .debug_macro   0x0000000000014582       0x16 ./Core/Src/main.o
 .debug_macro   0x0000000000014598       0x20 ./Core/Src/main.o
 .debug_macro   0x00000000000145b8       0x78 ./Core/Src/main.o
 .debug_macro   0x0000000000014630      0x1ef ./Core/Src/main.o
 .debug_macro   0x000000000001481f       0x10 ./Core/Src/main.o
 .debug_macro   0x000000000001482f       0x65 ./Core/Src/main.o
 .debug_macro   0x0000000000014894       0x58 ./Core/Src/main.o
 .debug_macro   0x00000000000148ec      0x1de ./Core/Src/stm32f4xx_hal_msp.o
 .debug_macro   0x0000000000014aca      0x1e8 ./Core/Src/stm32f4xx_it.o
 .debug_macro   0x0000000000014cb2      0x1d4 ./Core/Src/system_stm32f4xx.o
 .debug_macro   0x0000000000014e86      0x234 ./Drivers/STM32F4xx_HAL_Driver/Src/stm32f4xx_hal.o
 .debug_macro   0x00000000000150ba      0x1d4 ./Drivers/STM32F4xx_HAL_Driver/Src/stm32f4xx_hal_cortex.o
 .debug_macro   0x000000000001528e      0x1da ./Drivers/STM32F4xx_HAL_Driver/Src/stm32f4xx_hal_gpio.o
 .debug_macro   0x0000000000015468      0x1e0 ./Drivers/STM32F4xx_HAL_Driver/Src/stm32f4xx_hal_pcd.o
 .debug_macro   0x0000000000015648      0x1d4 ./Drivers/STM32F4xx_HAL_Driver/Src/stm32f4xx_hal_pcd_ex.o
 .debug_macro   0x000000000001581c      0x1f8 ./Drivers/STM32F4xx_HAL_Driver/Src/stm32f4xx_hal_rcc.o
 .debug_macro   0x0000000000015a14      0x1d4 ./Drivers/STM32F4xx_HAL_Driver/Src/stm32f4xx_ll_usb.o
 .debug_macro   0x0000000000015be8      0x3f4 ./Middlewares/ST/STM32_USB_Device_Library/Class/CustomHID/Src/usbd_customhid.o
 .debug_macro   0x0000000000015fdc       0x97 ./Middlewares/ST/STM32_USB_Device_Library/Class/CustomHID/Src/usbd_customhid.o
 .debug_macro   0x0000000000016073       0xfd ./Middlewares/ST/STM32_USB_Device_Library/Class/CustomHID/Src/usbd_customhid.o
 .debug_macro   0x0000000000016170       0xd9 ./Middlewares/ST/STM32_USB_Device_Library/Class/CustomHID/Src/usbd_customhid.o
 .debug_macro   0x0000000000016249       0x56 ./Middlewares/ST/STM32_USB_Device_Library/Class/CustomHID/Src/usbd_customhid.o
 .debug_macro   0x000000000001629f      0x3db ./Middlewares/ST/STM32_USB_Device_Library/Core/Src/usbd_core.o
 .debug_macro   0x000000000001667a      0x1f5 ./Middlewares/ST/STM32_USB_Device_Library/Core/Src/usbd_core.o
 .debug_macro   0x000000000001686f      0x3e5 ./Middlewares/ST/STM32_USB_Device_Library/Core/Src/usbd_ctlreq.o
 .debug_macro   0x0000000000016c54      0x3e1 ./Middlewares/ST/STM32_USB_Device_Library/Core/Src/usbd_ioreq.o
 .debug_macro   0x0000000000017035      0x41b ./USB_DEVICE/App/usb_device.o
 .debug_macro   0x0000000000017450       0x22 ./USB_DEVICE/App/usb_device.o
 .debug_macro   0x0000000000017472      0x3fa ./USB_DEVICE/App/usbd_custom_hid_if.o
 .debug_macro   0x000000000001786c      0x41e ./USB_DEVICE/App/usbd_desc.o
 .debug_macro   0x0000000000017c8a       0x1c ./USB_DEVICE/App/usbd_desc.o
 .debug_macro   0x0000000000017ca6      0x3fe ./USB_DEVICE/Target/usbd_conf.o
 .debug_macro   0x00000000000180a4      0x415 ./usb_hid_keyboard/Src/usb_hid_keyboard.o

.debug_line     0x0000000000000000     0xebbf
 .debug_line    0x0000000000000000      0xaba ./Core/Src/main.o
 .debug_line    0x0000000000000aba      0x67c ./Core/Src/stm32f4xx_hal_msp.o
 .debug_line    0x0000000000001136      0x757 ./Core/Src/stm32f4xx_it.o
 .debug_line    0x000000000000188d      0x6fe ./Core/Src/system_stm32f4xx.o
 .debug_line    0x0000000000001f8b       0x88 ./Core/Startup/startup_stm32f401retx.o
 .debug_line    0x0000000000002013      0x964 ./Drivers/STM32F4xx_HAL_Driver/Src/stm32f4xx_hal.o
 .debug_line    0x0000000000002977      0xc13 ./Drivers/STM32F4xx_HAL_Driver/Src/stm32f4xx_hal_cortex.o
 .debug_line    0x000000000000358a      0xa9e ./Drivers/STM32F4xx_HAL_Driver/Src/stm32f4xx_hal_gpio.o
 .debug_line    0x0000000000004028     0x12b1 ./Drivers/STM32F4xx_HAL_Driver/Src/stm32f4xx_hal_pcd.o
 .debug_line    0x00000000000052d9      0x747 ./Drivers/STM32F4xx_HAL_Driver/Src/stm32f4xx_hal_pcd_ex.o
 .debug_line    0x0000000000005a20      0xce0 ./Drivers/STM32F4xx_HAL_Driver/Src/stm32f4xx_hal_rcc.o
 .debug_line    0x0000000000006700     0x18f3 ./Drivers/STM32F4xx_HAL_Driver/Src/stm32f4xx_ll_usb.o
 .debug_line    0x0000000000007ff3      0xcb2 ./Middlewares/ST/STM32_USB_Device_Library/Class/CustomHID/Src/usbd_customhid.o
 .debug_line    0x0000000000008ca5      0xdbb ./Middlewares/ST/STM32_USB_Device_Library/Core/Src/usbd_core.o
 .debug_line    0x0000000000009a60     0x103b ./Middlewares/ST/STM32_USB_Device_Library/Core/Src/usbd_ctlreq.o
 .debug_line    0x000000000000aa9b      0xa12 ./Middlewares/ST/STM32_USB_Device_Library/Core/Src/usbd_ioreq.o
 .debug_line    0x000000000000b4ad      0x9e1 ./USB_DEVICE/App/usb_device.o
 .debug_line    0x000000000000be8e      0x9dc ./USB_DEVICE/App/usbd_custom_hid_if.o
 .debug_line    0x000000000000c86a      0xa97 ./USB_DEVICE/App/usbd_desc.o
 .debug_line    0x000000000000d301      0xdc0 ./USB_DEVICE/Target/usbd_conf.o
 .debug_line    0x000000000000e0c1      0xafe ./usb_hid_keyboard/Src/usb_hid_keyboard.o

.debug_str      0x0000000000000000    0x8663d
 .debug_str     0x0000000000000000    0x8363d ./Core/Src/main.o
                                      0x83a04 (size before relaxing)
 .debug_str     0x000000000008363d       0x2c ./Core/Src/stm32f4xx_hal_msp.o
                                      0x7e407 (size before relaxing)
 .debug_str     0x0000000000083669      0x427 ./Core/Src/stm32f4xx_it.o
                                      0x7e738 (size before relaxing)
 .debug_str     0x0000000000083a90       0xaf ./Core/Src/system_stm32f4xx.o
                                      0x7e479 (size before relaxing)
 .debug_str     0x0000000000083b3f       0x36 ./Core/Startup/startup_stm32f401retx.o
                                         0x74 (size before relaxing)
 .debug_str     0x0000000000083b75      0x905 ./Drivers/STM32F4xx_HAL_Driver/Src/stm32f4xx_hal.o
                                      0x7edf9 (size before relaxing)
 .debug_str     0x000000000008447a      0x3a5 ./Drivers/STM32F4xx_HAL_Driver/Src/stm32f4xx_hal_cortex.o
                                      0x7ebd6 (size before relaxing)
 .debug_str     0x000000000008481f      0x1cd ./Drivers/STM32F4xx_HAL_Driver/Src/stm32f4xx_hal_gpio.o
                                      0x7e620 (size before relaxing)
 .debug_str     0x00000000000849ec      0x564 ./Drivers/STM32F4xx_HAL_Driver/Src/stm32f4xx_hal_pcd.o
                                      0x7ec51 (size before relaxing)
 .debug_str     0x0000000000084f50      0x13f ./Drivers/STM32F4xx_HAL_Driver/Src/stm32f4xx_hal_pcd_ex.o
                                      0x7e81c (size before relaxing)
 .debug_str     0x000000000008508f      0x269 ./Drivers/STM32F4xx_HAL_Driver/Src/stm32f4xx_hal_rcc.o
                                      0x7e87b (size before relaxing)
 .debug_str     0x00000000000852f8      0x6a0 ./Drivers/STM32F4xx_HAL_Driver/Src/stm32f4xx_ll_usb.o
                                      0x7ed88 (size before relaxing)
 .debug_str     0x0000000000085998      0x358 ./Middlewares/ST/STM32_USB_Device_Library/Class/CustomHID/Src/usbd_customhid.o
                                      0x838e4 (size before relaxing)
 .debug_str     0x0000000000085cf0      0x1a2 ./Middlewares/ST/STM32_USB_Device_Library/Core/Src/usbd_core.o
                                      0x8352f (size before relaxing)
 .debug_str     0x0000000000085e92      0x14d ./Middlewares/ST/STM32_USB_Device_Library/Core/Src/usbd_ctlreq.o
                                      0x834ed (size before relaxing)
 .debug_str     0x0000000000085fdf       0xc9 ./Middlewares/ST/STM32_USB_Device_Library/Core/Src/usbd_ioreq.o
                                      0x8343d (size before relaxing)
 .debug_str     0x00000000000860a8       0xc2 ./USB_DEVICE/App/usb_device.o
                                      0x836ba (size before relaxing)
 .debug_str     0x000000000008616a       0x89 ./USB_DEVICE/App/usbd_custom_hid_if.o
                                      0x8367f (size before relaxing)
 .debug_str     0x00000000000861f3      0x283 ./USB_DEVICE/App/usbd_desc.o
                                      0x833a4 (size before relaxing)
 .debug_str     0x0000000000086476      0x154 ./USB_DEVICE/Target/usbd_conf.o
                                      0x8418e (size before relaxing)
 .debug_str     0x00000000000865ca       0x73 ./usb_hid_keyboard/Src/usb_hid_keyboard.o
                                      0x83801 (size before relaxing)

.comment        0x0000000000000000       0x53
 .comment       0x0000000000000000       0x53 ./Core/Src/main.o
                                         0x54 (size before relaxing)
 .comment       0x0000000000000053       0x54 ./Core/Src/stm32f4xx_hal_msp.o
 .comment       0x0000000000000053       0x54 ./Core/Src/stm32f4xx_it.o
 .comment       0x0000000000000053       0x54 ./Core/Src/system_stm32f4xx.o
 .comment       0x0000000000000053       0x54 ./Drivers/STM32F4xx_HAL_Driver/Src/stm32f4xx_hal.o
 .comment       0x0000000000000053       0x54 ./Drivers/STM32F4xx_HAL_Driver/Src/stm32f4xx_hal_cortex.o
 .comment       0x0000000000000053       0x54 ./Drivers/STM32F4xx_HAL_Driver/Src/stm32f4xx_hal_gpio.o
 .comment       0x0000000000000053       0x54 ./Drivers/STM32F4xx_HAL_Driver/Src/stm32f4xx_hal_pcd.o
 .comment       0x0000000000000053       0x54 ./Drivers/STM32F4xx_HAL_Driver/Src/stm32f4xx_hal_pcd_ex.o
 .comment       0x0000000000000053       0x54 ./Drivers/STM32F4xx_HAL_Driver/Src/stm32f4xx_hal_rcc.o
 .comment       0x0000000000000053       0x54 ./Drivers/STM32F4xx_HAL_Driver/Src/stm32f4xx_ll_usb.o
 .comment       0x0000000000000053       0x54 ./Middlewares/ST/STM32_USB_Device_Library/Class/CustomHID/Src/usbd_customhid.o
 .comment       0x0000000000000053       0x54 ./Middlewares/ST/STM32_USB_Device_Library/Core/Src/usbd_core.o
 .comment       0x0000000000000053       0x54 ./Middlewares/ST/STM32_USB_Device_Library/Core/Src/usbd_ctlreq.o
 .comment       0x0000000000000053       0x54 ./Middlewares/ST/STM32_USB_Device_Library/Core/Src/usbd_ioreq.o
 .comment       0x0000000000000053       0x54 ./USB_DEVICE/App/usb_device.o
 .comment       0x0000000000000053       0x54 ./USB_DEVICE/App/usbd_custom_hid_if.o
 .comment       0x0000000000000053       0x54 ./USB_DEVICE/App/usbd_desc.o
 .comment       0x0000000000000053       0x54 ./USB_DEVICE/Target/usbd_conf.o
 .comment       0x0000000000000053       0x54 ./usb_hid_keyboard/Src/usb_hid_keyboard.o

.debug_frame    0x0000000000000000     0x2b28
 .debug_frame   0x0000000000000000       0x90 ./Core/Src/main.o
 .debug_frame   0x0000000000000090       0x38 ./Core/Src/stm32f4xx_hal_msp.o
 .debug_frame   0x00000000000000c8      0x120 ./Core/Src/stm32f4xx_it.o
 .debug_frame   0x00000000000001e8       0x58 ./Core/Src/system_stm32f4xx.o
 .debug_frame   0x0000000000000240      0x374 ./Drivers/STM32F4xx_HAL_Driver/Src/stm32f4xx_hal.o
 .debug_frame   0x00000000000005b4      0x498 ./Drivers/STM32F4xx_HAL_Driver/Src/stm32f4xx_hal_cortex.o
 .debug_frame   0x0000000000000a4c      0x14c ./Drivers/STM32F4xx_HAL_Driver/Src/stm32f4xx_hal_gpio.o
 .debug_frame   0x0000000000000b98      0x574 ./Drivers/STM32F4xx_HAL_Driver/Src/stm32f4xx_hal_pcd.o
 .debug_frame   0x000000000000110c       0xb0 ./Drivers/STM32F4xx_HAL_Driver/Src/stm32f4xx_hal_pcd_ex.o
 .debug_frame   0x00000000000011bc      0x1f0 ./Drivers/STM32F4xx_HAL_Driver/Src/stm32f4xx_hal_rcc.o
 .debug_frame   0x00000000000013ac      0x798 ./Drivers/STM32F4xx_HAL_Driver/Src/stm32f4xx_ll_usb.o
 .debug_frame   0x0000000000001b44      0x200 ./Middlewares/ST/STM32_USB_Device_Library/Class/CustomHID/Src/usbd_customhid.o
 .debug_frame   0x0000000000001d44      0x2f4 ./Middlewares/ST/STM32_USB_Device_Library/Core/Src/usbd_core.o
 .debug_frame   0x0000000000002038      0x23c ./Middlewares/ST/STM32_USB_Device_Library/Core/Src/usbd_ctlreq.o
 .debug_frame   0x0000000000002274      0x10c ./Middlewares/ST/STM32_USB_Device_Library/Core/Src/usbd_ioreq.o
 .debug_frame   0x0000000000002380       0x2c ./USB_DEVICE/App/usb_device.o
 .debug_frame   0x00000000000023ac       0x74 ./USB_DEVICE/App/usbd_custom_hid_if.o
 .debug_frame   0x0000000000002420      0x160 ./USB_DEVICE/App/usbd_desc.o
 .debug_frame   0x0000000000002580      0x47c ./USB_DEVICE/Target/usbd_conf.o
 .debug_frame   0x00000000000029fc       0x80 ./usb_hid_keyboard/Src/usb_hid_keyboard.o
 .debug_frame   0x0000000000002a7c       0x2c /opt/stm32cubeide/plugins/com.st.stm32cube.ide.mcu.externaltools.gnu-tools-for-stm32.9-2020-q2-update.linux64_2.0.0.202105311346/tools/bin/../lib/gcc/arm-none-eabi/9.3.1/../../../../arm-none-eabi/lib/thumb/v7e-m+fp/hard/libc_nano.a(lib_a-init.o)
 .debug_frame   0x0000000000002aa8       0x20 /opt/stm32cubeide/plugins/com.st.stm32cube.ide.mcu.externaltools.gnu-tools-for-stm32.9-2020-q2-update.linux64_2.0.0.202105311346/tools/bin/../lib/gcc/arm-none-eabi/9.3.1/../../../../arm-none-eabi/lib/thumb/v7e-m+fp/hard/libc_nano.a(lib_a-memset.o)
 .debug_frame   0x0000000000002ac8       0x2c /opt/stm32cubeide/plugins/com.st.stm32cube.ide.mcu.externaltools.gnu-tools-for-stm32.9-2020-q2-update.linux64_2.0.0.202105311346/tools/bin/../lib/gcc/arm-none-eabi/9.3.1/thumb/v7e-m+fp/hard/libgcc.a(_aeabi_uldivmod.o)
 .debug_frame   0x0000000000002af4       0x34 /opt/stm32cubeide/plugins/com.st.stm32cube.ide.mcu.externaltools.gnu-tools-for-stm32.9-2020-q2-update.linux64_2.0.0.202105311346/tools/bin/../lib/gcc/arm-none-eabi/9.3.1/thumb/v7e-m+fp/hard/libgcc.a(_udivmoddi4.o)
