17:19:14 **** Incremental Build of configuration Debug for project stm32-cmsisV2-freertos ****
make -j12 all 
arm-none-eabi-gcc "../Core/Src/main.c" -mcpu=cortex-m4 -std=gnu11 -g3 -DDEBUG -DUSE_HAL_DRIVER -DSTM32F401xE -c -I../Core/Inc -I../Drivers/STM32F4xx_HAL_Driver/Inc -I../Drivers/STM32F4xx_HAL_Driver/Inc/Legacy -I../Drivers/CMSIS/Device/ST/STM32F4xx/Include -I../Drivers/CMSIS/Include -I../Middlewares/Third_Party/FreeRTOS/Source/include -I../Middlewares/Third_Party/FreeRTOS/Source/CMSIS_RTOS_V2 -I../Middlewares/Third_Party/FreeRTOS/Source/portable/GCC/ARM_CM4F -O0 -ffunction-sections -fdata-sections -Wall -fstack-usage -MMD -MP -MF"Core/Src/main.d" -MT"Core/Src/main.o" --specs=nano.specs -mfpu=fpv4-sp-d16 -mfloat-abi=hard -mthumb -o "Core/Src/main.o"
arm-none-eabi-gcc -o "stm32-cmsisV2-freertos.elf" @"objects.list"   -mcpu=cortex-m4 -T"/home/blackmath/stm32f401re-fiddling/stm32-cmsisV2-freertos/STM32F401RETX_FLASH.ld" --specs=nosys.specs -Wl,-Map="stm32-cmsisV2-freertos.map" -Wl,--gc-sections -static --specs=nano.specs -mfpu=fpv4-sp-d16 -mfloat-abi=hard -mthumb -Wl,--start-group -lc -lm -Wl,--end-group
Finished building target: stm32-cmsisV2-freertos.elf
 
arm-none-eabi-size   stm32-cmsisV2-freertos.elf 
arm-none-eabi-objdump -h -S  stm32-cmsisV2-freertos.elf  > "stm32-cmsisV2-freertos.list"
arm-none-eabi-objcopy  -O binary  stm32-cmsisV2-freertos.elf  "stm32-cmsisV2-freertos.bin"
   text	   data	    bss	    dec	    hex	filename
  18492	     24	  20416	  38932	   9814	stm32-cmsisV2-freertos.elf
Finished building: default.size.stdout
 
Finished building: stm32-cmsisV2-freertos.bin
 
Finished building: stm32-cmsisV2-freertos.list
 

17:19:14 Build Finished. 0 errors, 0 warnings. (took 322ms)

